[    0.000000] Linux version 4.15.12-mosn (root@joh) (gcc version 6.3.0 20170516 (Debian 6.3.0-18+deb9u1)) #13 SMP Sat Oct 27 13:37:57 CST 2018
[    0.000000] Command line: prompt_ramdisk=0 rw ip=192.168.1.18:192.168.1.14:192.168.1.1:255.255.255.0:80:targets/releases/1.7.0/:release.toml prompt_ramdisk=0 rw printk.time=0 net.ifnames=0 fglrx.modeset=0 noplymouth biosdevname=0 iommu=soft pci=noaer amdgpu.ppfeaturemask=0xffff7fff amdgpu.vm_fragment_size=9 console=ttyS0,115200n8 console=tty0 mos.pxe_nic=00:f1:f3:03:40:c5 mos.nb.guid=yjZGgZ1QHT9j73NR5n4bZY07
[    0.000000] KERNEL supported cpus:
[    0.000000]   Intel GenuineIntel
[    0.000000]   AMD AuthenticAMD
[    0.000000]   Centaur CentaurHauls
[    0.000000] x86/fpu: Supporting XSAVE feature 0x001: 'x87 floating point registers'
[    0.000000] x86/fpu: Supporting XSAVE feature 0x002: 'SSE registers'
[    0.000000] x86/fpu: Supporting XSAVE feature 0x004: 'AVX registers'
[    0.000000] x86/fpu: xstate_offset[2]:  576, xstate_sizes[2]:  256
[    0.000000] x86/fpu: Enabled xstate features 0x7, context size is 832 bytes, using 'standard' format.
[    0.000000] e820: BIOS-provided physical RAM map:
[    0.000000] BIOS-e820: [mem 0x0000000000000000-0x000000000009fbff] usable
[    0.000000] BIOS-e820: [mem 0x000000000009fc00-0x000000000009ffff] reserved
[    0.000000] BIOS-e820: [mem 0x00000000000e0000-0x00000000000fffff] reserved
[    0.000000] BIOS-e820: [mem 0x0000000000100000-0x000000007b0c3fff] usable
[    0.000000] BIOS-e820: [mem 0x000000007b0c4000-0x000000007b0f5fff] reserved
[    0.000000] BIOS-e820: [mem 0x000000007b0f6000-0x000000007b200fff] ACPI data
[    0.000000] BIOS-e820: [mem 0x000000007b201000-0x000000007b7cafff] ACPI NVS
[    0.000000] BIOS-e820: [mem 0x000000007b7cb000-0x000000007b8fbfff] reserved
[    0.000000] BIOS-e820: [mem 0x000000007b8fc000-0x000000007b8fcfff] usable
[    0.000000] BIOS-e820: [mem 0x000000007b8fd000-0x000000007b982fff] ACPI NVS
[    0.000000] BIOS-e820: [mem 0x000000007b983000-0x000000007bffffff] usable
[    0.000000] BIOS-e820: [mem 0x00000000d0000000-0x00000000dfffffff] reserved
[    0.000000] BIOS-e820: [mem 0x00000000fed1c000-0x00000000fed1ffff] reserved
[    0.000000] BIOS-e820: [mem 0x00000000ff000000-0x00000000ffffffff] reserved
[    0.000000] BIOS-e820: [mem 0x0000000100000000-0x000000017fffffff] usable
[    0.000000] NX (Execute Disable) protection: active
[    0.000000] random: fast init done
[    0.000000] SMBIOS 2.8 present.
[    0.000000] DMI: To be filled by O.E.M. To be filled by O.E.M./To be filled by O.E.M., BIOS 4.6.5 01/12/2018
[    0.000000] e820: update [mem 0x00000000-0x00000fff] usable ==> reserved
[    0.000000] e820: remove [mem 0x000a0000-0x000fffff] usable
[    0.000000] e820: last_pfn = 0x180000 max_arch_pfn = 0x400000000
[    0.000000] MTRR default type: uncachable
[    0.000000] MTRR fixed ranges enabled:
[    0.000000]   00000-9FFFF write-back
[    0.000000]   A0000-BFFFF uncachable
[    0.000000]   C0000-CFFFF write-protect
[    0.000000]   D0000-E7FFF uncachable
[    0.000000]   E8000-FFFFF write-protect
[    0.000000] MTRR variable ranges enabled:
[    0.000000]   0 base 000000000000 mask 3FFF00000000 write-back
[    0.000000]   1 base 000100000000 mask 3FFF80000000 write-back
[    0.000000]   2 base 00007E000000 mask 3FFFFE000000 uncachable
[    0.000000]   3 base 000080000000 mask 3FFF80000000 uncachable
[    0.000000]   4 disabled
[    0.000000]   5 disabled
[    0.000000]   6 disabled
[    0.000000]   7 disabled
[    0.000000]   8 disabled
[    0.000000]   9 disabled
[    0.000000] x86/PAT: Configuration [0-7]: WB  WC  UC- UC  WB  WP  UC- WT  
[    0.000000] total RAM covered: 4064M
[    0.000000] Found optimal setting for mtrr clean up
[    0.000000]  gran_size: 64K 	chunk_size: 64M 	num_reg: 3  	lose cover RAM: 0G
[    0.000000] e820: update [mem 0x7e000000-0xffffffff] usable ==> reserved
[    0.000000] e820: last_pfn = 0x7c000 max_arch_pfn = 0x400000000
[    0.000000] found SMP MP-table at [mem 0x000fdc40-0x000fdc4f] mapped at [        (ptrval)]
[    0.000000] Scanning 1 areas for low memory corruption
[    0.000000] Base memory trampoline at [        (ptrval)] 85000 size 24576
[    0.000000] Using GB pages for direct mapping
[    0.000000] BRK [0x4af5e000, 0x4af5efff] PGTABLE
[    0.000000] BRK [0x4af5f000, 0x4af5ffff] PGTABLE
[    0.000000] BRK [0x4af60000, 0x4af60fff] PGTABLE
[    0.000000] BRK [0x4af61000, 0x4af61fff] PGTABLE
[    0.000000] BRK [0x4af62000, 0x4af62fff] PGTABLE
[    0.000000] ACPI: Early table checksum verification disabled
[    0.000000] ACPI: RSDP 0x00000000000F0580 000024 (v02 ALASKA)
[    0.000000] ACPI: XSDT 0x000000007B12B070 00005C (v01 ALASKA A M I    01072009 AMI  00010013)
[    0.000000] ACPI: FACP 0x000000007B133840 00010C (v05 ALASKA A M I    01072009 AMI  00010013)
[    0.000000] ACPI: DSDT 0x000000007B12B158 0086E5 (v02 ALASKA A M I    00000005 INTL 20051117)
[    0.000000] ACPI: FACS 0x000000007B7C8F80 000040
[    0.000000] ACPI: APIC 0x000000007B133950 000138 (v03 ALASKA A M I    01072009 AMI  00010013)
[    0.000000] ACPI: FPDT 0x000000007B133A88 000044 (v01 ALASKA A M I    01072009 AMI  00010013)
[    0.000000] ACPI: FIDT 0x000000007B133AD0 00009C (v01 ALASKA A M I    01072009 AMI  00010013)
[    0.000000] ACPI: MCFG 0x000000007B133B70 00003C (v01 ALASKA OEMMCFG. 01072009 MSFT 00000097)
[    0.000000] ACPI: HPET 0x000000007B133BB0 000038 (v01 ALASKA A M I    01072009 AMI. 00000005)
[    0.000000] ACPI: SSDT 0x000000007B133BE8 0CD380 (v02 INTEL  CpuPm    00004000 INTL 20051117)
[    0.000000] ACPI: Local APIC address 0xfee00000
[    0.000000] No NUMA configuration found
[    0.000000] Faking a node at [mem 0x0000000000000000-0x000000017fffffff]
[    0.000000] NODE_DATA(0) allocated [mem 0x17fff9000-0x17fffdfff]
[    0.000000] tsc: Fast TSC calibration using PIT
[    0.000000] Zone ranges:
[    0.000000]   DMA      [mem 0x0000000000001000-0x0000000000ffffff]
[    0.000000]   DMA32    [mem 0x0000000001000000-0x00000000ffffffff]
[    0.000000]   Normal   [mem 0x0000000100000000-0x000000017fffffff]
[    0.000000]   Device   empty
[    0.000000] Movable zone start for each node
[    0.000000] Early memory node ranges
[    0.000000]   node   0: [mem 0x0000000000001000-0x000000000009efff]
[    0.000000]   node   0: [mem 0x0000000000100000-0x000000007b0c3fff]
[    0.000000]   node   0: [mem 0x000000007b8fc000-0x000000007b8fcfff]
[    0.000000]   node   0: [mem 0x000000007b983000-0x000000007bffffff]
[    0.000000]   node   0: [mem 0x0000000100000000-0x000000017fffffff]
[    0.000000] Initmem setup node 0 [mem 0x0000000000001000-0x000000017fffffff]
[    0.000000] On node 0 totalpages: 1029856
[    0.000000]   DMA zone: 64 pages used for memmap
[    0.000000]   DMA zone: 41 pages reserved
[    0.000000]   DMA zone: 3998 pages, LIFO batch:0
[    0.000000]   DMA32 zone: 7838 pages used for memmap
[    0.000000]   DMA32 zone: 501570 pages, LIFO batch:31
[    0.000000]   Normal zone: 8192 pages used for memmap
[    0.000000]   Normal zone: 524288 pages, LIFO batch:31
[    0.000000] Reserved but unavailable: 98 pages
[    0.000000] ACPI: PM-Timer IO Port: 0x408
[    0.000000] ACPI: Local APIC address 0xfee00000
[    0.000000] ACPI: LAPIC_NMI (acpi_id[0x00] high edge lint[0x1])
[    0.000000] ACPI: LAPIC_NMI (acpi_id[0x02] high edge lint[0x1])
[    0.000000] ACPI: LAPIC_NMI (acpi_id[0x04] high edge lint[0x1])
[    0.000000] ACPI: LAPIC_NMI (acpi_id[0x06] high edge lint[0x1])
[    0.000000] ACPI: LAPIC_NMI (acpi_id[0x08] high edge lint[0x1])
[    0.000000] ACPI: LAPIC_NMI (acpi_id[0x0a] high edge lint[0x1])
[    0.000000] ACPI: LAPIC_NMI (acpi_id[0x0c] high edge lint[0x1])
[    0.000000] ACPI: LAPIC_NMI (acpi_id[0x0e] high edge lint[0x1])
[    0.000000] ACPI: LAPIC_NMI (acpi_id[0x01] high edge lint[0x1])
[    0.000000] ACPI: LAPIC_NMI (acpi_id[0x03] high edge lint[0x1])
[    0.000000] ACPI: LAPIC_NMI (acpi_id[0x05] high edge lint[0x1])
[    0.000000] ACPI: LAPIC_NMI (acpi_id[0x07] high edge lint[0x1])
[    0.000000] ACPI: LAPIC_NMI (acpi_id[0x09] high edge lint[0x1])
[    0.000000] ACPI: LAPIC_NMI (acpi_id[0x0b] high edge lint[0x1])
[    0.000000] ACPI: LAPIC_NMI (acpi_id[0x0d] high edge lint[0x1])
[    0.000000] ACPI: LAPIC_NMI (acpi_id[0x0f] high edge lint[0x1])
[    0.000000] IOAPIC[0]: apic_id 0, version 32, address 0xfec00000, GSI 0-23
[    0.000000] IOAPIC[1]: apic_id 2, version 32, address 0xfec01000, GSI 24-47
[    0.000000] ACPI: INT_SRC_OVR (bus 0 bus_irq 0 global_irq 2 dfl dfl)
[    0.000000] ACPI: INT_SRC_OVR (bus 0 bus_irq 9 global_irq 9 high level)
[    0.000000] ACPI: IRQ0 used by override.
[    0.000000] ACPI: IRQ9 used by override.
[    0.000000] Using ACPI (MADT) for SMP configuration information
[    0.000000] ACPI: HPET id: 0x8086a701 base: 0xfed00000
[    0.000000] smpboot: Allowing 16 CPUs, 0 hotplug CPUs
[    0.000000] PM: Registered nosave memory: [mem 0x00000000-0x00000fff]
[    0.000000] PM: Registered nosave memory: [mem 0x0009f000-0x0009ffff]
[    0.000000] PM: Registered nosave memory: [mem 0x000a0000-0x000dffff]
[    0.000000] PM: Registered nosave memory: [mem 0x000e0000-0x000fffff]
[    0.000000] PM: Registered nosave memory: [mem 0x7b0c4000-0x7b0f5fff]
[    0.000000] PM: Registered nosave memory: [mem 0x7b0f6000-0x7b200fff]
[    0.000000] PM: Registered nosave memory: [mem 0x7b201000-0x7b7cafff]
[    0.000000] PM: Registered nosave memory: [mem 0x7b7cb000-0x7b8fbfff]
[    0.000000] PM: Registered nosave memory: [mem 0x7b8fd000-0x7b982fff]
[    0.000000] PM: Registered nosave memory: [mem 0x7c000000-0xcfffffff]
[    0.000000] PM: Registered nosave memory: [mem 0xd0000000-0xdfffffff]
[    0.000000] PM: Registered nosave memory: [mem 0xe0000000-0xfed1bfff]
[    0.000000] PM: Registered nosave memory: [mem 0xfed1c000-0xfed1ffff]
[    0.000000] PM: Registered nosave memory: [mem 0xfed20000-0xfeffffff]
[    0.000000] PM: Registered nosave memory: [mem 0xff000000-0xffffffff]
[    0.000000] e820: [mem 0x7c000000-0xcfffffff] available for PCI devices
[    0.000000] Booting paravirtualized kernel on bare hardware
[    0.000000] clocksource: refined-jiffies: mask: 0xffffffff max_cycles: 0xffffffff, max_idle_ns: 7645519600211568 ns
[    0.000000] setup_percpu: NR_CPUS:256 nr_cpumask_bits:256 nr_cpu_ids:16 nr_node_ids:1
[    0.000000] percpu: Embedded 45 pages/cpu @        (ptrval) s145624 r8192 d30504 u262144
[    0.000000] pcpu-alloc: s145624 r8192 d30504 u262144 alloc=1*2097152
[    0.000000] pcpu-alloc: [0] 00 01 02 03 04 05 06 07 [0] 08 09 10 11 12 13 14 15 
[    0.000000] Built 1 zonelists, mobility grouping on.  Total pages: 1013721
[    0.000000] Policy zone: Normal
[    0.000000] Kernel command line: prompt_ramdisk=0 rw ip=192.168.1.18:192.168.1.14:192.168.1.1:255.255.255.0:80:targets/releases/1.7.0/:release.toml prompt_ramdisk=0 rw printk.time=0 net.ifnames=0 fglrx.modeset=0 noplymouth biosdevname=0 iommu=soft pci=noaer amdgpu.ppfeaturemask=0xffff7fff amdgpu.vm_fragment_size=9 console=ttyS0,115200n8 console=tty0 mos.pxe_nic=00:f1:f3:03:40:c5 mos.nb.guid=yjZGgZ1QHT9j73NR5n4bZY07
[    0.000000] Memory: 3952632K/4119424K available (12300K kernel code, 1546K rwdata, 3908K rodata, 7116K init, 1156K bss, 166792K reserved, 0K cma-reserved)
[    0.000000] SLUB: HWalign=64, Order=0-3, MinObjects=0, CPUs=16, Nodes=1
[    0.000000] Kernel/User page tables isolation: enabled
[    0.000000] ftrace: allocating 38559 entries in 151 pages
[    0.000000] Hierarchical RCU implementation.
[    0.000000] 	RCU restricting CPUs from NR_CPUS=256 to nr_cpu_ids=16.
[    0.000000] RCU: Adjusting geometry for rcu_fanout_leaf=16, nr_cpu_ids=16
[    0.000000] NR_IRQS: 16640, nr_irqs: 960, preallocated irqs: 16
[    0.000000] Console: colour VGA+ 80x25
[    0.000000] console [tty0] enabled
[    0.000000] console [ttyS0] enabled
[    0.000000] ACPI: Core revision 20170831
[    0.000000] ACPI: 2 ACPI AML tables successfully acquired and loaded
[    0.000000] clocksource: hpet: mask: 0xffffffff max_cycles: 0xffffffff, max_idle_ns: 133484882848 ns
[    0.000000] hpet clockevent registered
[    0.004000] APIC: Switch to symmetric I/O mode setup
[    0.004000] x2apic: IRQ remapping doesn't support X2APIC mode
[    0.008000] Switched APIC routing to physical flat.
[    0.012000] ..TIMER: vector=0x30 apic1=0 pin1=2 apic2=-1 pin2=-1
[    0.032000] tsc: Fast TSC calibration using PIT
[    0.036000] tsc: Detected 1999.970 MHz processor
[    0.040000] Calibrating delay loop (skipped), value calculated using timer frequency.. 3999.94 BogoMIPS (lpj=7999880)
[    0.044001] pid_max: default: 32768 minimum: 301
[    0.047384] Security Framework initialized
[    0.048001] Yama: becoming mindful.
[    0.052017] AppArmor: AppArmor initialized
[    0.056512] Dentry cache hash table entries: 524288 (order: 10, 4194304 bytes)
[    0.060553] Inode-cache hash table entries: 262144 (order: 9, 2097152 bytes)
[    0.064026] Mount-cache hash table entries: 8192 (order: 4, 65536 bytes)
[    0.068020] Mountpoint-cache hash table entries: 8192 (order: 4, 65536 bytes)
[    0.072235] CPU: Physical Processor ID: 0
[    0.074981] CPU: Processor Core ID: 0
[    0.076006] ENERGY_PERF_BIAS: Set to 'normal', was 'performance'
[    0.080001] ENERGY_PERF_BIAS: View and update with x86_energy_perf_policy(8)
[    0.084005] mce: CPU supports 20 MCE banks
[    0.086845] CPU0: Thermal monitoring enabled (TM1)
[    0.088035] process: using mwait in idle threads
[    0.092003] Last level iTLB entries: 4KB 512, 2MB 8, 4MB 8
[    0.096001] Last level dTLB entries: 4KB 512, 2MB 32, 4MB 32, 1GB 0
[    0.100003] Spectre V2 : Mitigation: Full generic retpoline
[    0.104126] Freeing SMP alternatives memory: 36K
[    0.109316] TSC deadline timer enabled
[    0.109319] smpboot: CPU0: Intel(R) Xeon(R) CPU E5-2650 0 @ 2.00GHz (family: 0x6, model: 0x2d, stepping: 0x6)
[    0.112078] Performance Events: PEBS fmt1+, SandyBridge events, 16-deep LBR, full-width counters, Intel PMU driver.
[    0.116005] core: PEBS disabled due to CPU errata, please upgrade microcode
[    0.120003] ... version:                3
[    0.122746] ... bit width:              48
[    0.124001] ... generic registers:      4
[    0.126747] ... value mask:             0000ffffffffffff
[    0.128001] ... max period:             00007fffffffffff
[    0.132001] ... fixed-purpose events:   3
[    0.134747] ... event mask:             000000070000000f
[    0.136047] Hierarchical SRCU implementation.
[    0.140867] NMI watchdog: Enabled. Permanently consumes one hw-PMU counter.
[    0.144013] smp: Bringing up secondary CPUs ...
[    0.147389] x86: Booting SMP configuration:
[    0.148004] .... node  #0, CPUs:        #1
[    0.152000] TSC synchronization [CPU#0 -> CPU#1]:
[    0.152000] Measured 171222 cycles TSC warp between CPUs, turning off TSC clock.
[    0.152000] tsc: Marking TSC unstable due to check_tsc_sync_source failed
[    0.152113]   #2  #3  #4  #5  #6  #7  #8  #9 #10 #11 #12 #13 #14 #15
[    0.168725] smp: Brought up 1 node, 16 CPUs
[    0.174926] smpboot: Max logical packages: 1
[    0.176003] smpboot: Total of 16 processors activated (63999.04 BogoMIPS)
[    0.184453] devtmpfs: initialized
[    0.186119] x86/mm: Memory block size: 128MB
[    0.188520] evm: security.selinux
[    0.190572] evm: security.SMACK64
[    0.192005] evm: security.SMACK64EXEC
[    0.194408] evm: security.SMACK64TRANSMUTE
[    0.196003] evm: security.SMACK64MMAP
[    0.198398] evm: security.apparmor
[    0.200001] evm: security.ima
[    0.201707] evm: security.capability
[    0.204117] PM: Registering ACPI NVS region [mem 0x7b201000-0x7b7cafff] (6070272 bytes)
[    0.208091] PM: Registering ACPI NVS region [mem 0x7b8fd000-0x7b982fff] (548864 bytes)
[    0.212091] clocksource: jiffies: mask: 0xffffffff max_cycles: 0xffffffff, max_idle_ns: 7645041785100000 ns
[    0.216020] futex hash table entries: 4096 (order: 6, 262144 bytes)
[    0.220122] pinctrl core: initialized pinctrl subsystem
[    0.224116] RTC time:  6:37:59, date: 01/14/19
[    0.228987] NET: Registered protocol family 16
[    0.232176] audit: initializing netlink subsys (disabled)
[    0.236014] audit: type=2000 audit(1547447878.236:1): state=initialized audit_enabled=0 res=1
[    0.240003] cpuidle: using governor ladder
[    0.242855] cpuidle: using governor menu
[    0.244143] ACPI FADT declares the system doesn't support PCIe ASPM, so disable it
[    0.252003] ACPI: bus type PCI registered
[    0.254747] acpiphp: ACPI Hot Plug PCI Controller Driver version: 0.5
[    0.256076] PCI: MMCONFIG for domain 0000 [bus 00-ff] at [mem 0xd0000000-0xdfffffff] (base 0xd0000000)
[    0.268005] PCI: MMCONFIG at [mem 0xd0000000-0xdfffffff] reserved in E820
[    0.272016] PCI: Using configuration type 1 for base access
[    0.276114] core: PMU erratum BJ122, BV98, HSD29 worked around, HT is on
[    0.284056] HugeTLB registered 1.00 GiB page size, pre-allocated 0 pages
[    0.288004] HugeTLB registered 2.00 MiB page size, pre-allocated 0 pages
[    0.296120] ACPI: Added _OSI(Module Device)
[    0.299044] ACPI: Added _OSI(Processor Device)
[    0.300005] ACPI: Added _OSI(3.0 _SCP Extensions)
[    0.303442] ACPI: Added _OSI(Processor Aggregator Device)
[    0.308164] ACPI: Executed 1 blocks of module-level executable AML code
[    0.483286] ACPI: Interpreter enabled
[    0.484021] ACPI: (supports S0 S1 S4 S5)
[    0.486678] ACPI: Using IOAPIC for interrupt routing
[    0.492033] PCI: Using host bridge windows from ACPI; if necessary, use "pci=nocrs" and report a bug
[    0.496290] ACPI: GPE 0x1B active on init
[    0.500002] ACPI: Enabled 5 GPEs in block 00 to 3F
[    0.522203] ACPI: PCI Root Bridge [PCI0] (domain 0000 [bus 00-fe])
[    0.524008] acpi PNP0A08:00: _OSC: OS supports [ExtendedConfig ASPM ClockPM Segments MSI]
[    0.532159] acpi PNP0A08:00: _OSC: platform does not support [PME]
[    0.536146] acpi PNP0A08:00: _OSC: OS now controls [PCIeHotplug PCIeCapability]
[    0.544004] acpi PNP0A08:00: FADT indicates ASPM is unsupported, using BIOS configuration
[    0.552386] PCI host bridge to bus 0000:00
[    0.555218] pci_bus 0000:00: root bus resource [io  0x0000-0x03af window]
[    0.560003] pci_bus 0000:00: root bus resource [io  0x03e0-0x0cf7 window]
[    0.564002] pci_bus 0000:00: root bus resource [io  0x03b0-0x03df window]
[    0.568002] pci_bus 0000:00: root bus resource [io  0x0d00-0xffff window]
[    0.576003] pci_bus 0000:00: root bus resource [mem 0x000a0000-0x000bffff window]
[    0.580002] pci_bus 0000:00: root bus resource [mem 0x000c0000-0x000dffff window]
[    0.588003] pci_bus 0000:00: root bus resource [mem 0x8c000000-0xfbffffff window]
[    0.596003] pci_bus 0000:00: root bus resource [mem 0x180000000-0x381fffffffff window]
[    0.600003] pci_bus 0000:00: root bus resource [bus 00-fe]
[    0.604015] pci 0000:00:00.0: [8086:3c00] type 00 class 0x060000
[    0.604098] pci 0000:00:00.0: PME# supported from D0 D3hot D3cold
[    0.604195] pci 0000:00:01.0: [8086:3c02] type 01 class 0x060400
[    0.604284] pci 0000:00:01.0: PME# supported from D0 D3hot D3cold
[    0.604383] pci 0000:00:01.1: [8086:3c03] type 01 class 0x060400
[    0.604470] pci 0000:00:01.1: PME# supported from D0 D3hot D3cold
[    0.604570] pci 0000:00:02.0: [8086:3c04] type 01 class 0x060400
[    0.604656] pci 0000:00:02.0: PME# supported from D0 D3hot D3cold
[    0.604755] pci 0000:00:03.0: [8086:3c08] type 01 class 0x060400
[    0.604796] pci 0000:00:03.0: enabling Extended Tags
[    0.608053] pci 0000:00:03.0: PME# supported from D0 D3hot D3cold
[    0.608150] pci 0000:00:03.1: [8086:3c09] type 01 class 0x060400
[    0.608237] pci 0000:00:03.1: PME# supported from D0 D3hot D3cold
[    0.608332] pci 0000:00:03.2: [8086:3c0a] type 01 class 0x060400
[    0.608418] pci 0000:00:03.2: PME# supported from D0 D3hot D3cold
[    0.608512] pci 0000:00:03.3: [8086:3c0b] type 01 class 0x060400
[    0.608598] pci 0000:00:03.3: PME# supported from D0 D3hot D3cold
[    0.608695] pci 0000:00:05.0: [8086:3c28] type 00 class 0x088000
[    0.608833] pci 0000:00:05.2: [8086:3c2a] type 00 class 0x088000
[    0.608969] pci 0000:00:05.4: [8086:3c2c] type 00 class 0x080020
[    0.608985] pci 0000:00:05.4: reg 0x10: [mem 0xfbf04000-0xfbf04fff]
[    0.609132] pci 0000:00:11.0: [8086:1d3e] type 01 class 0x060400
[    0.609235] pci 0000:00:11.0: PME# supported from D0 D3hot D3cold
[    0.609335] pci 0000:00:16.0: [8086:1d3a] type 00 class 0x078000
[    0.609362] pci 0000:00:16.0: reg 0x10: [mem 0xfbf03000-0xfbf0300f 64bit]
[    0.609439] pci 0000:00:16.0: PME# supported from D0 D3hot D3cold
[    0.609533] pci 0000:00:1a.0: [8086:1d2d] type 00 class 0x0c0320
[    0.609556] pci 0000:00:1a.0: reg 0x10: [mem 0xfbf02000-0xfbf023ff]
[    0.609646] pci 0000:00:1a.0: PME# supported from D0 D3hot D3cold
[    0.609735] pci 0000:00:1b.0: [8086:1d20] type 00 class 0x040300
[    0.609758] pci 0000:00:1b.0: reg 0x10: [mem 0x381ffff00000-0x381ffff03fff 64bit]
[    0.609837] pci 0000:00:1b.0: PME# supported from D0 D3hot D3cold
[    0.609923] pci 0000:00:1c.0: [8086:1d10] type 01 class 0x060400
[    0.610012] pci 0000:00:1c.0: PME# supported from D0 D3hot D3cold
[    0.610103] pci 0000:00:1c.1: [8086:1d12] type 01 class 0x060400
[    0.610192] pci 0000:00:1c.1: PME# supported from D0 D3hot D3cold
[    0.610282] pci 0000:00:1c.2: [8086:1d14] type 01 class 0x060400
[    0.610372] pci 0000:00:1c.2: PME# supported from D0 D3hot D3cold
[    0.610461] pci 0000:00:1c.3: [8086:1d16] type 01 class 0x060400
[    0.610551] pci 0000:00:1c.3: PME# supported from D0 D3hot D3cold
[    0.610642] pci 0000:00:1c.5: [8086:1d1a] type 01 class 0x060400
[    0.610732] pci 0000:00:1c.5: PME# supported from D0 D3hot D3cold
[    0.610828] pci 0000:00:1d.0: [8086:1d26] type 00 class 0x0c0320
[    0.610852] pci 0000:00:1d.0: reg 0x10: [mem 0xfbf01000-0xfbf013ff]
[    0.610942] pci 0000:00:1d.0: PME# supported from D0 D3hot D3cold
[    0.611026] pci 0000:00:1e.0: [8086:244e] type 01 class 0x060401
[    0.611162] pci 0000:00:1f.0: [8086:1d41] type 00 class 0x060100
[    0.611354] pci 0000:00:1f.2: [8086:1d02] type 00 class 0x010601
[    0.611374] pci 0000:00:1f.2: reg 0x10: [io  0xf070-0xf077]
[    0.611382] pci 0000:00:1f.2: reg 0x14: [io  0xf060-0xf063]
[    0.611390] pci 0000:00:1f.2: reg 0x18: [io  0xf050-0xf057]
[    0.611398] pci 0000:00:1f.2: reg 0x1c: [io  0xf040-0xf043]
[    0.611407] pci 0000:00:1f.2: reg 0x20: [io  0xf020-0xf03f]
[    0.611415] pci 0000:00:1f.2: reg 0x24: [mem 0xfbf00000-0xfbf007ff]
[    0.611460] pci 0000:00:1f.2: PME# supported from D3hot
[    0.611542] pci 0000:00:1f.3: [8086:1d22] type 00 class 0x0c0500
[    0.611562] pci 0000:00:1f.3: reg 0x10: [mem 0x381ffff04000-0x381ffff040ff 64bit]
[    0.611584] pci 0000:00:1f.3: reg 0x20: [io  0xf000-0xf01f]
[    0.611719] pci 0000:00:01.0: PCI bridge to [bus 01]
[    0.616062] pci 0000:02:00.0: [1002:67df] type 00 class 0x030000
[    0.616094] pci 0000:02:00.0: reg 0x10: [mem 0xb0000000-0xbfffffff 64bit pref]
[    0.616106] pci 0000:02:00.0: reg 0x18: [mem 0xc0000000-0xc01fffff 64bit pref]
[    0.616113] pci 0000:02:00.0: reg 0x20: [io  0xe000-0xe0ff]
[    0.616120] pci 0000:02:00.0: reg 0x24: [mem 0xfbe00000-0xfbe3ffff]
[    0.616128] pci 0000:02:00.0: reg 0x30: [mem 0xfbe40000-0xfbe5ffff pref]
[    0.616136] pci 0000:02:00.0: enabling Extended Tags
[    0.619913] pci 0000:02:00.0: supports D1 D2
[    0.619915] pci 0000:02:00.0: PME# supported from D1 D2 D3hot D3cold
[    0.619998] pci 0000:02:00.1: [1002:aaf0] type 00 class 0x040300
[    0.620026] pci 0000:02:00.1: reg 0x10: [mem 0xfbe60000-0xfbe63fff 64bit]
[    0.620072] pci 0000:02:00.1: enabling Extended Tags
[    0.623827] pci 0000:02:00.1: supports D1 D2
[    0.623922] pci 0000:00:01.1: PCI bridge to [bus 02]
[    0.628005] pci 0000:00:01.1:   bridge window [io  0xe000-0xefff]
[    0.628008] pci 0000:00:01.1:   bridge window [mem 0xfbe00000-0xfbefffff]
[    0.628014] pci 0000:00:01.1:   bridge window [mem 0xb0000000-0xc01fffff 64bit pref]
[    0.628067] pci 0000:03:00.0: [1002:67df] type 00 class 0x030000
[    0.628089] pci 0000:03:00.0: reg 0x10: [mem 0x90000000-0x9fffffff 64bit pref]
[    0.628099] pci 0000:03:00.0: reg 0x18: [mem 0xa0000000-0xa01fffff 64bit pref]
[    0.628106] pci 0000:03:00.0: reg 0x20: [io  0xd000-0xd0ff]
[    0.628113] pci 0000:03:00.0: reg 0x24: [mem 0xfbd00000-0xfbd3ffff]
[    0.628120] pci 0000:03:00.0: reg 0x30: [mem 0xfbd40000-0xfbd5ffff pref]
[    0.628126] pci 0000:03:00.0: enabling Extended Tags
[    0.631878] pci 0000:03:00.0: supports D1 D2
[    0.631880] pci 0000:03:00.0: PME# supported from D1 D2 D3hot D3cold
[    0.631944] pci 0000:03:00.1: [1002:aaf0] type 00 class 0x040300
[    0.631963] pci 0000:03:00.1: reg 0x10: [mem 0xfbd60000-0xfbd63fff 64bit]
[    0.631995] pci 0000:03:00.1: enabling Extended Tags
[    0.636041] pci 0000:03:00.1: supports D1 D2
[    0.636115] pci 0000:00:02.0: PCI bridge to [bus 03]
[    0.639815] pci 0000:00:02.0:   bridge window [io  0xd000-0xdfff]
[    0.639818] pci 0000:00:02.0:   bridge window [mem 0xfbd00000-0xfbdfffff]
[    0.639823] pci 0000:00:02.0:   bridge window [mem 0x90000000-0xa01fffff 64bit pref]
[    0.639864] pci 0000:00:03.0: PCI bridge to [bus 04]
[    0.644063] pci 0000:05:00.0: [1002:67df] type 00 class 0x030000
[    0.644095] pci 0000:05:00.0: reg 0x10: [mem 0x381fe0000000-0x381fefffffff 64bit pref]
[    0.644106] pci 0000:05:00.0: reg 0x18: [mem 0x381ff0000000-0x381ff01fffff 64bit pref]
[    0.644113] pci 0000:05:00.0: reg 0x20: [io  0xc000-0xc0ff]
[    0.644121] pci 0000:05:00.0: reg 0x24: [mem 0xfbc00000-0xfbc3ffff]
[    0.644128] pci 0000:05:00.0: reg 0x30: [mem 0xfbc40000-0xfbc5ffff pref]
[    0.644136] pci 0000:05:00.0: enabling Extended Tags
[    0.647912] pci 0000:05:00.0: supports D1 D2
[    0.647914] pci 0000:05:00.0: PME# supported from D1 D2 D3hot D3cold
[    0.647996] pci 0000:05:00.1: [1002:aaf0] type 00 class 0x040300
[    0.648024] pci 0000:05:00.1: reg 0x10: [mem 0xfbc60000-0xfbc63fff 64bit]
[    0.648070] pci 0000:05:00.1: enabling Extended Tags
[    0.651828] pci 0000:05:00.1: supports D1 D2
[    0.651921] pci 0000:00:03.1: PCI bridge to [bus 05]
[    0.656005] pci 0000:00:03.1:   bridge window [io  0xc000-0xcfff]
[    0.656008] pci 0000:00:03.1:   bridge window [mem 0xfbc00000-0xfbcfffff]
[    0.656013] pci 0000:00:03.1:   bridge window [mem 0x381fe0000000-0x381ff01fffff 64bit pref]
[    0.656056] pci 0000:00:03.2: PCI bridge to [bus 06]
[    0.659804] pci 0000:00:03.3: PCI bridge to [bus 07]
[    0.664056] pci 0000:00:11.0: PCI bridge to [bus 08]
[    0.667834] pci 0000:09:00.0: [1002:67df] type 00 class 0x030000
[    0.667895] pci 0000:09:00.0: reg 0x10: [mem 0x381fc0000000-0x381fcfffffff 64bit pref]
[    0.667916] pci 0000:09:00.0: reg 0x18: [mem 0x381fd0000000-0x381fd01fffff 64bit pref]
[    0.667928] pci 0000:09:00.0: reg 0x20: [io  0xb000-0xb0ff]
[    0.667940] pci 0000:09:00.0: reg 0x24: [mem 0xfbb00000-0xfbb3ffff]
[    0.667952] pci 0000:09:00.0: reg 0x30: [mem 0xfbb40000-0xfbb5ffff pref]
[    0.667965] pci 0000:09:00.0: enabling Extended Tags
[    0.672144] pci 0000:09:00.0: supports D1 D2
[    0.672146] pci 0000:09:00.0: PME# supported from D1 D2 D3hot D3cold
[    0.672244] pci 0000:09:00.1: [1002:aaf0] type 00 class 0x040300
[    0.672297] pci 0000:09:00.1: reg 0x10: [mem 0xfbb60000-0xfbb63fff 64bit]
[    0.672382] pci 0000:09:00.1: enabling Extended Tags
[    0.676104] pci 0000:09:00.1: supports D1 D2
[    0.688070] pci 0000:00:1c.0: PCI bridge to [bus 09]
[    0.691777] pci 0000:00:1c.0:   bridge window [io  0xb000-0xbfff]
[    0.691781] pci 0000:00:1c.0:   bridge window [mem 0xfbb00000-0xfbbfffff]
[    0.691787] pci 0000:00:1c.0:   bridge window [mem 0x381fc0000000-0x381fd01fffff 64bit pref]
[    0.691855] pci 0000:0a:00.0: [10ec:8168] type 00 class 0x020000
[    0.691892] pci 0000:0a:00.0: reg 0x10: [io  0xa000-0xa0ff]
[    0.691927] pci 0000:0a:00.0: reg 0x18: [mem 0xc0304000-0xc0304fff 64bit pref]
[    0.691950] pci 0000:0a:00.0: reg 0x20: [mem 0xc0300000-0xc0303fff 64bit pref]
[    0.692070] pci 0000:0a:00.0: supports D1 D2
[    0.692072] pci 0000:0a:00.0: PME# supported from D0 D1 D2 D3hot D3cold
[    0.704032] pci 0000:00:1c.1: PCI bridge to [bus 0a]
[    0.707748] pci 0000:00:1c.1:   bridge window [io  0xa000-0xafff]
[    0.707756] pci 0000:00:1c.1:   bridge window [mem 0xc0300000-0xc03fffff 64bit pref]
[    0.707820] pci 0000:0b:00.0: [1106:3483] type 00 class 0x0c0330
[    0.707856] pci 0000:0b:00.0: reg 0x10: [mem 0xfba00000-0xfba00fff 64bit]
[    0.707983] pci 0000:0b:00.0: PME# supported from D0 D3cold
[    0.708042] pci 0000:00:1c.2: PCI bridge to [bus 0b]
[    0.711752] pci 0000:00:1c.2:   bridge window [mem 0xfba00000-0xfbafffff]
[    0.711824] pci 0000:0c:00.0: [1002:67df] type 00 class 0x030000
[    0.711884] pci 0000:0c:00.0: reg 0x10: [mem 0x381fa0000000-0x381fafffffff 64bit pref]
[    0.711904] pci 0000:0c:00.0: reg 0x18: [mem 0x381fb0000000-0x381fb01fffff 64bit pref]
[    0.711916] pci 0000:0c:00.0: reg 0x20: [io  0x9000-0x90ff]
[    0.711929] pci 0000:0c:00.0: reg 0x24: [mem 0xfb900000-0xfb93ffff]
[    0.711941] pci 0000:0c:00.0: reg 0x30: [mem 0xfb940000-0xfb95ffff pref]
[    0.711954] pci 0000:0c:00.0: enabling Extended Tags
[    0.716142] pci 0000:0c:00.0: supports D1 D2
[    0.716144] pci 0000:0c:00.0: PME# supported from D1 D2 D3hot D3cold
[    0.716241] pci 0000:0c:00.1: [1002:aaf0] type 00 class 0x040300
[    0.716293] pci 0000:0c:00.1: reg 0x10: [mem 0xfb960000-0xfb963fff 64bit]
[    0.716378] pci 0000:0c:00.1: enabling Extended Tags
[    0.720104] pci 0000:0c:00.1: supports D1 D2
[    0.732068] pci 0000:00:1c.3: PCI bridge to [bus 0c]
[    0.735769] pci 0000:00:1c.3:   bridge window [io  0x9000-0x9fff]
[    0.735773] pci 0000:00:1c.3:   bridge window [mem 0xfb900000-0xfb9fffff]
[    0.735779] pci 0000:00:1c.3:   bridge window [mem 0x381fa0000000-0x381fb01fffff 64bit pref]
[    0.735849] pci 0000:0d:00.0: [1002:67df] type 00 class 0x030000
[    0.735910] pci 0000:0d:00.0: reg 0x10: [mem 0x381f80000000-0x381f8fffffff 64bit pref]
[    0.735930] pci 0000:0d:00.0: reg 0x18: [mem 0x381f90000000-0x381f901fffff 64bit pref]
[    0.735942] pci 0000:0d:00.0: reg 0x20: [io  0x8000-0x80ff]
[    0.735954] pci 0000:0d:00.0: reg 0x24: [mem 0xfb800000-0xfb83ffff]
[    0.735967] pci 0000:0d:00.0: reg 0x30: [mem 0xfb840000-0xfb85ffff pref]
[    0.735979] pci 0000:0d:00.0: enabling Extended Tags
[    0.740144] pci 0000:0d:00.0: supports D1 D2
[    0.740145] pci 0000:0d:00.0: PME# supported from D1 D2 D3hot D3cold
[    0.740244] pci 0000:0d:00.1: [1002:aaf0] type 00 class 0x040300
[    0.740296] pci 0000:0d:00.1: reg 0x10: [mem 0xfb860000-0xfb863fff 64bit]
[    0.740382] pci 0000:0d:00.1: enabling Extended Tags
[    0.744104] pci 0000:0d:00.1: supports D1 D2
[    0.756069] pci 0000:00:1c.5: PCI bridge to [bus 0d]
[    0.759778] pci 0000:00:1c.5:   bridge window [io  0x8000-0x8fff]
[    0.759781] pci 0000:00:1c.5:   bridge window [mem 0xfb800000-0xfb8fffff]
[    0.759787] pci 0000:00:1c.5:   bridge window [mem 0x381f80000000-0x381f901fffff 64bit pref]
[    0.759860] pci 0000:00:1e.0: PCI bridge to [bus 0e] (subtractive decode)
[    0.764012] pci 0000:00:1e.0:   bridge window [io  0x0000-0x03af window] (subtractive decode)
[    0.764014] pci 0000:00:1e.0:   bridge window [io  0x03e0-0x0cf7 window] (subtractive decode)
[    0.764015] pci 0000:00:1e.0:   bridge window [io  0x03b0-0x03df window] (subtractive decode)
[    0.764017] pci 0000:00:1e.0:   bridge window [io  0x0d00-0xffff window] (subtractive decode)
[    0.764019] pci 0000:00:1e.0:   bridge window [mem 0x000a0000-0x000bffff window] (subtractive decode)
[    0.764020] pci 0000:00:1e.0:   bridge window [mem 0x000c0000-0x000dffff window] (subtractive decode)
[    0.764022] pci 0000:00:1e.0:   bridge window [mem 0x8c000000-0xfbffffff window] (subtractive decode)
[    0.764025] pci 0000:00:1e.0:   bridge window [mem 0x180000000-0x381fffffffff window] (subtractive decode)
[    0.764518] ACPI: PCI Root Bridge [UNC0] (domain 0000 [bus ff])
[    0.768006] acpi PNP0A03:00: _OSC: OS supports [ExtendedConfig ASPM ClockPM Segments MSI]
[    0.776029] acpi PNP0A03:00: _OSC: OS now controls [PCIeHotplug PME PCIeCapability]
[    0.784002] acpi PNP0A03:00: FADT indicates ASPM is unsupported, using BIOS configuration
[    0.788060] PCI host bridge to bus 0000:ff
[    0.790898] pci_bus 0000:ff: root bus resource [bus ff]
[    0.796013] pci 0000:ff:08.0: [8086:3c80] type 00 class 0x088000
[    0.796080] pci 0000:ff:08.3: [8086:3c83] type 00 class 0x088000
[    0.796153] pci 0000:ff:08.4: [8086:3c84] type 00 class 0x088000
[    0.796235] pci 0000:ff:09.0: [8086:3c90] type 00 class 0x088000
[    0.796297] pci 0000:ff:09.3: [8086:3c93] type 00 class 0x088000
[    0.796369] pci 0000:ff:09.4: [8086:3c94] type 00 class 0x088000
[    0.796446] pci 0000:ff:0a.0: [8086:3cc0] type 00 class 0x088000
[    0.796500] pci 0000:ff:0a.1: [8086:3cc1] type 00 class 0x088000
[    0.796551] pci 0000:ff:0a.2: [8086:3cc2] type 00 class 0x088000
[    0.796602] pci 0000:ff:0a.3: [8086:3cd0] type 00 class 0x088000
[    0.796655] pci 0000:ff:0b.0: [8086:3ce0] type 00 class 0x088000
[    0.796704] pci 0000:ff:0b.3: [8086:3ce3] type 00 class 0x088000
[    0.796754] pci 0000:ff:0c.0: [8086:3ce8] type 00 class 0x088000
[    0.796803] pci 0000:ff:0c.1: [8086:3ce8] type 00 class 0x088000
[    0.796852] pci 0000:ff:0c.2: [8086:3ce8] type 00 class 0x088000
[    0.796904] pci 0000:ff:0c.3: [8086:3ce8] type 00 class 0x088000
[    0.796954] pci 0000:ff:0c.6: [8086:3cf4] type 00 class 0x088000
[    0.797002] pci 0000:ff:0c.7: [8086:3cf6] type 00 class 0x088000
[    0.797052] pci 0000:ff:0d.0: [8086:3ce8] type 00 class 0x088000
[    0.797102] pci 0000:ff:0d.1: [8086:3ce8] type 00 class 0x088000
[    0.797152] pci 0000:ff:0d.2: [8086:3ce8] type 00 class 0x088000
[    0.797202] pci 0000:ff:0d.3: [8086:3ce8] type 00 class 0x088000
[    0.797252] pci 0000:ff:0d.6: [8086:3cf5] type 00 class 0x088000
[    0.797303] pci 0000:ff:0e.0: [8086:3ca0] type 00 class 0x088000
[    0.797357] pci 0000:ff:0e.1: [8086:3c46] type 00 class 0x110100
[    0.797416] pci 0000:ff:0f.0: [8086:3ca8] type 00 class 0x088000
[    0.797484] pci 0000:ff:0f.1: [8086:3c71] type 00 class 0x088000
[    0.797553] pci 0000:ff:0f.2: [8086:3caa] type 00 class 0x088000
[    0.797621] pci 0000:ff:0f.3: [8086:3cab] type 00 class 0x088000
[    0.797688] pci 0000:ff:0f.4: [8086:3cac] type 00 class 0x088000
[    0.797757] pci 0000:ff:0f.5: [8086:3cad] type 00 class 0x088000
[    0.797823] pci 0000:ff:0f.6: [8086:3cae] type 00 class 0x088000
[    0.797880] pci 0000:ff:10.0: [8086:3cb0] type 00 class 0x088000
[    0.797948] pci 0000:ff:10.1: [8086:3cb1] type 00 class 0x088000
[    0.798017] pci 0000:ff:10.2: [8086:3cb2] type 00 class 0x088000
[    0.798085] pci 0000:ff:10.3: [8086:3cb3] type 00 class 0x088000
[    0.798153] pci 0000:ff:10.4: [8086:3cb4] type 00 class 0x088000
[    0.798221] pci 0000:ff:10.5: [8086:3cb5] type 00 class 0x088000
[    0.798289] pci 0000:ff:10.6: [8086:3cb6] type 00 class 0x088000
[    0.798358] pci 0000:ff:10.7: [8086:3cb7] type 00 class 0x088000
[    0.798424] pci 0000:ff:11.0: [8086:3cb8] type 00 class 0x088000
[    0.798484] pci 0000:ff:13.0: [8086:3ce4] type 00 class 0x088000
[    0.798534] pci 0000:ff:13.1: [8086:3c43] type 00 class 0x110100
[    0.798586] pci 0000:ff:13.4: [8086:3ce6] type 00 class 0x110100
[    0.798636] pci 0000:ff:13.5: [8086:3c44] type 00 class 0x110100
[    0.798686] pci 0000:ff:13.6: [8086:3c45] type 00 class 0x088000
[    0.798853] ACPI: PCI Interrupt Link [LNKA] (IRQs 3 4 5 6 7 10 *11 12 14 15)
[    0.804053] ACPI: PCI Interrupt Link [LNKB] (IRQs 3 4 5 6 7 *10 11 12 14 15)
[    0.812050] ACPI: PCI Interrupt Link [LNKC] (IRQs *3 4 5 6 10 11 12 14 15)
[    0.816050] ACPI: PCI Interrupt Link [LNKD] (IRQs 3 4 5 6 10 *11 12 14 15)
[    0.820050] ACPI: PCI Interrupt Link [LNKE] (IRQs 3 4 5 6 7 10 11 12 14 15) *0, disabled.
[    0.828050] ACPI: PCI Interrupt Link [LNKF] (IRQs 3 4 5 6 7 10 11 12 14 15) *0, disabled.
[    0.836050] ACPI: PCI Interrupt Link [LNKG] (IRQs 3 4 *5 6 7 10 11 12 14 15)
[    0.840049] ACPI: PCI Interrupt Link [LNKH] (IRQs 3 4 5 6 *7 10 11 12 14 15)
[    0.849472] pci 0000:02:00.0: vgaarb: VGA device added: decodes=io+mem,owns=none,locks=none
[    0.856006] pci 0000:03:00.0: vgaarb: setting as boot VGA device
[    0.860000] pci 0000:03:00.0: vgaarb: VGA device added: decodes=io+mem,owns=io+mem,locks=none
[    0.868005] pci 0000:05:00.0: vgaarb: VGA device added: decodes=io+mem,owns=none,locks=none
[    0.876006] pci 0000:09:00.0: vgaarb: VGA device added: decodes=io+mem,owns=none,locks=none
[    0.884008] pci 0000:0c:00.0: vgaarb: VGA device added: decodes=io+mem,owns=none,locks=none
[    0.888006] pci 0000:0d:00.0: vgaarb: VGA device added: decodes=io+mem,owns=none,locks=none
[    0.896008] pci 0000:0d:00.0: vgaarb: bridge control possible
[    0.900002] pci 0000:0c:00.0: vgaarb: bridge control possible
[    0.904002] pci 0000:09:00.0: vgaarb: bridge control possible
[    0.908002] pci 0000:05:00.0: vgaarb: bridge control possible
[    0.916002] pci 0000:03:00.0: vgaarb: bridge control possible
[    0.920002] pci 0000:02:00.0: vgaarb: bridge control possible
[    0.924002] vgaarb: loaded
[    0.925647] SCSI subsystem initialized
[    0.928030] libata version 3.00 loaded.
[    0.928034] ACPI: bus type USB registered
[    0.930799] usbcore: registered new interface driver usbfs
[    0.936011] usbcore: registered new interface driver hub
[    0.940046] usbcore: registered new device driver usb
[    0.944027] EDAC MC: Ver: 3.0.0
[    0.944197] PCI: Using ACPI for IRQ routing
[    0.953959] PCI: pci_cache_line_size set to 64 bytes
[    0.954121] e820: reserve RAM buffer [mem 0x0009fc00-0x0009ffff]
[    0.954123] e820: reserve RAM buffer [mem 0x7b0c4000-0x7bffffff]
[    0.954124] e820: reserve RAM buffer [mem 0x7b8fd000-0x7bffffff]
[    0.954228] NetLabel: Initializing
[    0.956002] NetLabel:  domain hash size = 128
[    0.959093] NetLabel:  protocols = UNLABELED CIPSOv4 CALIPSO
[    0.964021] NetLabel:  unlabeled traffic allowed by default
[    0.968126] hpet0: at MMIO 0xfed00000, IRQs 2, 8, 0, 0, 0, 0, 0, 0
[    0.972004] hpet0: 8 comparators, 64-bit 14.318180 MHz counter
[    0.982044] clocksource: Switched to clocksource hpet
[    0.994122] VFS: Disk quotas dquot_6.6.0
[    0.996822] VFS: Dquot-cache hash table entries: 512 (order 0, 4096 bytes)
[    1.002553] AppArmor: AppArmor Filesystem Enabled
[    1.006022] pnp: PnP ACPI init
[    1.007950] system 00:00: [mem 0xfc000000-0xfcffffff] has been reserved
[    1.013310] system 00:00: [mem 0xfd000000-0xfdffffff] has been reserved
[    1.018668] system 00:00: [mem 0xfe000000-0xfeafffff] has been reserved
[    1.024026] system 00:00: [mem 0xfeb00000-0xfebfffff] has been reserved
[    1.029380] system 00:00: [mem 0xfed00400-0xfed3ffff] could not be reserved
[    1.035082] system 00:00: [mem 0xfed45000-0xfedfffff] has been reserved
[    1.040440] system 00:00: [mem 0xfee00000-0xfeefffff] has been reserved
[    1.045799] system 00:00: Plug and Play ACPI device, IDs PNP0c01 (active)
[    1.045977] system 00:01: [io  0x0a00-0x0a0f] has been reserved
[    1.050643] system 00:01: [io  0x0a10-0x0a1f] has been reserved
[    1.055303] system 00:01: [io  0x0a20-0x0a2f] has been reserved
[    1.059968] system 00:01: Plug and Play ACPI device, IDs PNP0c02 (active)
[    1.060027] pnp 00:02: Plug and Play ACPI device, IDs PNP0303 PNP030b (active)
[    1.060078] pnp 00:03: Plug and Play ACPI device, IDs PNP0f03 PNP0f13 (active)
[    1.060261] pnp 00:04: [dma 0 disabled]
[    1.060319] pnp 00:04: Plug and Play ACPI device, IDs PNP0501 (active)
[    1.060346] pnp 00:05: Plug and Play ACPI device, IDs PNP0b00 (active)
[    1.060432] system 00:06: [io  0x04d0-0x04d1] has been reserved
[    1.065102] system 00:06: Plug and Play ACPI device, IDs PNP0c02 (active)
[    1.065292] system 00:07: [io  0x0400-0x0453] has been reserved
[    1.069962] system 00:07: [io  0x0458-0x047f] has been reserved
[    1.074621] system 00:07: [io  0x1180-0x119f] has been reserved
[    1.079284] system 00:07: [io  0x0500-0x057f] has been reserved
[    1.083947] system 00:07: [mem 0xfed1c000-0xfed1ffff] has been reserved
[    1.089301] system 00:07: [mem 0xfec00000-0xfecfffff] could not be reserved
[    1.095003] system 00:07: [mem 0xff000000-0xffffffff] has been reserved
[    1.100363] system 00:07: Plug and Play ACPI device, IDs PNP0c01 (active)
[    1.100456] system 00:08: [io  0x0454-0x0457] has been reserved
[    1.105123] system 00:08: Plug and Play ACPI device, IDs INT3f0d PNP0c02 (active)
[    1.105478] pnp: PnP ACPI: found 9 devices
[    1.116172] clocksource: acpi_pm: mask: 0xffffff max_cycles: 0xffffff, max_idle_ns: 2085701024 ns
[    1.123897] pci 0000:00:01.0: PCI bridge to [bus 01]
[    1.127610] pci 0000:00:01.1: PCI bridge to [bus 02]
[    1.131318] pci 0000:00:01.1:   bridge window [io  0xe000-0xefff]
[    1.136157] pci 0000:00:01.1:   bridge window [mem 0xfbe00000-0xfbefffff]
[    1.141686] pci 0000:00:01.1:   bridge window [mem 0xb0000000-0xc01fffff 64bit pref]
[    1.148168] pci 0000:00:02.0: PCI bridge to [bus 03]
[    1.151869] pci 0000:00:02.0:   bridge window [io  0xd000-0xdfff]
[    1.156706] pci 0000:00:02.0:   bridge window [mem 0xfbd00000-0xfbdfffff]
[    1.162233] pci 0000:00:02.0:   bridge window [mem 0x90000000-0xa01fffff 64bit pref]
[    1.168716] pci 0000:00:03.0: PCI bridge to [bus 04]
[    1.172432] pci 0000:00:03.1: PCI bridge to [bus 05]
[    1.176141] pci 0000:00:03.1:   bridge window [io  0xc000-0xcfff]
[    1.180980] pci 0000:00:03.1:   bridge window [mem 0xfbc00000-0xfbcfffff]
[    1.186510] pci 0000:00:03.1:   bridge window [mem 0x381fe0000000-0x381ff01fffff 64bit pref]
[    1.193687] pci 0000:00:03.2: PCI bridge to [bus 06]
[    1.197400] pci 0000:00:03.3: PCI bridge to [bus 07]
[    1.201118] pci 0000:00:11.0: PCI bridge to [bus 08]
[    1.204840] pci 0000:00:1c.0: PCI bridge to [bus 09]
[    1.208548] pci 0000:00:1c.0:   bridge window [io  0xb000-0xbfff]
[    1.213384] pci 0000:00:1c.0:   bridge window [mem 0xfbb00000-0xfbbfffff]
[    1.218913] pci 0000:00:1c.0:   bridge window [mem 0x381fc0000000-0x381fd01fffff 64bit pref]
[    1.226091] pci 0000:00:1c.1: PCI bridge to [bus 0a]
[    1.229797] pci 0000:00:1c.1:   bridge window [io  0xa000-0xafff]
[    1.234638] pci 0000:00:1c.1:   bridge window [mem 0xc0300000-0xc03fffff 64bit pref]
[    1.241128] pci 0000:00:1c.2: PCI bridge to [bus 0b]
[    1.244836] pci 0000:00:1c.2:   bridge window [mem 0xfba00000-0xfbafffff]
[    1.250370] pci 0000:00:1c.3: PCI bridge to [bus 0c]
[    1.254082] pci 0000:00:1c.3:   bridge window [io  0x9000-0x9fff]
[    1.258920] pci 0000:00:1c.3:   bridge window [mem 0xfb900000-0xfb9fffff]
[    1.264447] pci 0000:00:1c.3:   bridge window [mem 0x381fa0000000-0x381fb01fffff 64bit pref]
[    1.271627] pci 0000:00:1c.5: PCI bridge to [bus 0d]
[    1.275332] pci 0000:00:1c.5:   bridge window [io  0x8000-0x8fff]
[    1.280171] pci 0000:00:1c.5:   bridge window [mem 0xfb800000-0xfb8fffff]
[    1.285698] pci 0000:00:1c.5:   bridge window [mem 0x381f80000000-0x381f901fffff 64bit pref]
[    1.292876] pci 0000:00:1e.0: PCI bridge to [bus 0e]
[    1.296591] pci_bus 0000:00: resource 4 [io  0x0000-0x03af window]
[    1.296593] pci_bus 0000:00: resource 5 [io  0x03e0-0x0cf7 window]
[    1.296594] pci_bus 0000:00: resource 6 [io  0x03b0-0x03df window]
[    1.296596] pci_bus 0000:00: resource 7 [io  0x0d00-0xffff window]
[    1.296598] pci_bus 0000:00: resource 8 [mem 0x000a0000-0x000bffff window]
[    1.296599] pci_bus 0000:00: resource 9 [mem 0x000c0000-0x000dffff window]
[    1.296601] pci_bus 0000:00: resource 10 [mem 0x8c000000-0xfbffffff window]
[    1.296603] pci_bus 0000:00: resource 11 [mem 0x180000000-0x381fffffffff window]
[    1.296605] pci_bus 0000:02: resource 0 [io  0xe000-0xefff]
[    1.296607] pci_bus 0000:02: resource 1 [mem 0xfbe00000-0xfbefffff]
[    1.296608] pci_bus 0000:02: resource 2 [mem 0xb0000000-0xc01fffff 64bit pref]
[    1.296610] pci_bus 0000:03: resource 0 [io  0xd000-0xdfff]
[    1.296612] pci_bus 0000:03: resource 1 [mem 0xfbd00000-0xfbdfffff]
[    1.296614] pci_bus 0000:03: resource 2 [mem 0x90000000-0xa01fffff 64bit pref]
[    1.296615] pci_bus 0000:05: resource 0 [io  0xc000-0xcfff]
[    1.296617] pci_bus 0000:05: resource 1 [mem 0xfbc00000-0xfbcfffff]
[    1.296619] pci_bus 0000:05: resource 2 [mem 0x381fe0000000-0x381ff01fffff 64bit pref]
[    1.296620] pci_bus 0000:09: resource 0 [io  0xb000-0xbfff]
[    1.296622] pci_bus 0000:09: resource 1 [mem 0xfbb00000-0xfbbfffff]
[    1.296624] pci_bus 0000:09: resource 2 [mem 0x381fc0000000-0x381fd01fffff 64bit pref]
[    1.296625] pci_bus 0000:0a: resource 0 [io  0xa000-0xafff]
[    1.296627] pci_bus 0000:0a: resource 2 [mem 0xc0300000-0xc03fffff 64bit pref]
[    1.296629] pci_bus 0000:0b: resource 1 [mem 0xfba00000-0xfbafffff]
[    1.296630] pci_bus 0000:0c: resource 0 [io  0x9000-0x9fff]
[    1.296632] pci_bus 0000:0c: resource 1 [mem 0xfb900000-0xfb9fffff]
[    1.296634] pci_bus 0000:0c: resource 2 [mem 0x381fa0000000-0x381fb01fffff 64bit pref]
[    1.296635] pci_bus 0000:0d: resource 0 [io  0x8000-0x8fff]
[    1.296637] pci_bus 0000:0d: resource 1 [mem 0xfb800000-0xfb8fffff]
[    1.296639] pci_bus 0000:0d: resource 2 [mem 0x381f80000000-0x381f901fffff 64bit pref]
[    1.296641] pci_bus 0000:0e: resource 4 [io  0x0000-0x03af window]
[    1.296642] pci_bus 0000:0e: resource 5 [io  0x03e0-0x0cf7 window]
[    1.296644] pci_bus 0000:0e: resource 6 [io  0x03b0-0x03df window]
[    1.296646] pci_bus 0000:0e: resource 7 [io  0x0d00-0xffff window]
[    1.296647] pci_bus 0000:0e: resource 8 [mem 0x000a0000-0x000bffff window]
[    1.296649] pci_bus 0000:0e: resource 9 [mem 0x000c0000-0x000dffff window]
[    1.296651] pci_bus 0000:0e: resource 10 [mem 0x8c000000-0xfbffffff window]
[    1.296652] pci_bus 0000:0e: resource 11 [mem 0x180000000-0x381fffffffff window]
[    1.296742] NET: Registered protocol family 2
[    1.300001] TCP established hash table entries: 32768 (order: 6, 262144 bytes)
[    1.306057] TCP bind hash table entries: 32768 (order: 7, 524288 bytes)
[    1.311525] TCP: Hash tables configured (established 32768 bind 32768)
[    1.316844] UDP hash table entries: 2048 (order: 4, 65536 bytes)
[    1.321612] UDP-Lite hash table entries: 2048 (order: 4, 65536 bytes)
[    1.326861] NET: Registered protocol family 1
[    1.376148] pci 0000:03:00.0: Video device with shadowed ROM at [mem 0x000c0000-0x000dffff]
[    1.383505] PCI: CLS 64 bytes, default 64
[    2.154283] PCI-DMA: Using software bounce buffering for IO (SWIOTLB)
[    2.159477] software IO TLB [mem 0x770c4000-0x7b0c4000] (64MB) mapped at [00000000a0f194eb-00000000caa25a61]
[    2.168368] RAPL PMU: API unit is 2^-32 Joules, 3 fixed counters, 163840 ms ovfl timer
[    2.175039] RAPL PMU: hw unit of domain pp0-core 2^-16 Joules
[    2.179533] RAPL PMU: hw unit of domain package 2^-16 Joules
[    2.183938] RAPL PMU: hw unit of domain dram 2^-16 Joules
[    2.188677] clocksource: tsc: mask: 0xffffffffffffffff max_cycles: 0x39a823cbf08, max_idle_ns: 881590561694 ns
[    2.197714] Scanning for low memory corruption every 60 seconds
[    2.203475] Initialise system trusted keyrings
[    2.206716] workingset: timestamp_bits=40 max_order=20 bucket_order=0
[    2.213073] zbud: loaded
[    2.214860] squashfs: version 4.0 (2009/01/31) Phillip Lougher
[    2.219583] fuse init (API version 7.26)
[    2.222441] aufs 4.15-20180730
[    2.224867] Key type asymmetric registered
[    2.227704] Asymmetric key parser 'x509' registered
[    2.231369] Block layer SCSI generic (bsg) driver version 0.4 loaded (major 247)
[    2.237561] io scheduler noop registered
[    2.240226] io scheduler deadline registered (default)
[    2.244151] io scheduler cfq registered
[    2.246720] io scheduler mq-deadline registered (default)
[    2.250876] io scheduler kyber registered
[    2.255593] intel_idle: MWAIT substates: 0x21120
[    2.255594] intel_idle: v0.4.1 model 0x2D
[    2.256265] intel_idle: lapic_timer_reliable_states 0xffffffff
[    2.256383] input: Power Button as /devices/LNXSYSTM:00/LNXSYBUS:00/PNP0C0C:00/input/input0
[    2.263512] ACPI: Power Button [PWRB]
[    2.265972] input: Power Button as /devices/LNXSYSTM:00/LNXPWRBN:00/input/input1
[    2.272165] ACPI: Power Button [PWRF]
[    2.294704] Serial: 8250/16550 driver, 32 ports, IRQ sharing enabled
[    2.320247] 00:04: ttyS0 at I/O 0x3f8 (irq = 4, base_baud = 115200) is a 16550A
[    2.328167] Linux agpgart interface v0.103
[    2.335331] brd: module loaded
[    2.339296] loop: module loaded
[    2.341566] libphy: Fixed MDIO Bus: probed
[    2.344451] tun: Universal TUN/TAP device driver, 1.6
[    2.348325] PPP generic driver version 2.4.2
[    2.351417] ehci_hcd: USB 2.0 'Enhanced' Host Controller (EHCI) Driver
[    2.356762] ehci-pci: EHCI PCI platform driver
[    2.360135] ehci-pci 0000:00:1a.0: EHCI Host Controller
[    2.364114] ehci-pci 0000:00:1a.0: new USB bus registered, assigned bus number 1
[    2.370271] ehci-pci 0000:00:1a.0: debug port 2
[    2.377469] ehci-pci 0000:00:1a.0: cache line size of 64 is not supported
[    2.377486] ehci-pci 0000:00:1a.0: irq 16, io mem 0xfbf02000
[    2.396081] ehci-pci 0000:00:1a.0: USB 2.0 started, EHCI 1.00
[    2.400634] usb usb1: New USB device found, idVendor=1d6b, idProduct=0002
[    2.406160] usb usb1: New USB device strings: Mfr=3, Product=2, SerialNumber=1
[    2.412136] usb usb1: Product: EHCI Host Controller
[    2.415753] usb usb1: Manufacturer: Linux 4.15.12-mosn ehci_hcd
[    2.420415] usb usb1: SerialNumber: 0000:00:1a.0
[    2.423977] hub 1-0:1.0: USB hub found
[    2.426492] hub 1-0:1.0: 2 ports detected
[    2.429509] ehci-pci 0000:00:1d.0: EHCI Host Controller
[    2.433481] ehci-pci 0000:00:1d.0: new USB bus registered, assigned bus number 2
[    2.439638] ehci-pci 0000:00:1d.0: debug port 2
[    2.446826] ehci-pci 0000:00:1d.0: cache line size of 64 is not supported
[    2.446839] ehci-pci 0000:00:1d.0: irq 23, io mem 0xfbf01000
[    2.464082] ehci-pci 0000:00:1d.0: USB 2.0 started, EHCI 1.00
[    2.468621] usb usb2: New USB device found, idVendor=1d6b, idProduct=0002
[    2.474150] usb usb2: New USB device strings: Mfr=3, Product=2, SerialNumber=1
[    2.480111] usb usb2: Product: EHCI Host Controller
[    2.483729] usb usb2: Manufacturer: Linux 4.15.12-mosn ehci_hcd
[    2.488401] usb usb2: SerialNumber: 0000:00:1d.0
[    2.491951] hub 2-0:1.0: USB hub found
[    2.494455] hub 2-0:1.0: 2 ports detected
[    2.497352] ehci-platform: EHCI generic platform driver
[    2.501338] ohci_hcd: USB 1.1 'Open' Host Controller (OHCI) Driver
[    2.506267] ohci-pci: OHCI PCI platform driver
[    2.509475] ohci-platform: OHCI generic platform driver
[    2.513457] uhci_hcd: USB Universal Host Controller Interface driver
[    2.518643] xhci_hcd 0000:0b:00.0: xHCI Host Controller
[    2.522627] xhci_hcd 0000:0b:00.0: new USB bus registered, assigned bus number 3
[    2.529022] xhci_hcd 0000:0b:00.0: hcc params 0x002841eb hci version 0x100 quirks 0x00000090
[    2.536381] usb usb3: New USB device found, idVendor=1d6b, idProduct=0002
[    2.541916] usb usb3: New USB device strings: Mfr=3, Product=2, SerialNumber=1
[    2.547877] usb usb3: Product: xHCI Host Controller
[    2.551502] usb usb3: Manufacturer: Linux 4.15.12-mosn xhci-hcd
[    2.556166] usb usb3: SerialNumber: 0000:0b:00.0
[    2.559748] hub 3-0:1.0: USB hub found
[    2.562264] hub 3-0:1.0: 1 port detected
[    2.565024] xhci_hcd 0000:0b:00.0: xHCI Host Controller
[    2.568992] xhci_hcd 0000:0b:00.0: new USB bus registered, assigned bus number 4
[    2.575156] usb usb4: We don't know the algorithms for LPM for this host, disabling LPM.
[    2.582011] usb usb4: New USB device found, idVendor=1d6b, idProduct=0003
[    2.587544] usb usb4: New USB device strings: Mfr=3, Product=2, SerialNumber=1
[    2.593508] usb usb4: Product: xHCI Host Controller
[    2.597128] usb usb4: Manufacturer: Linux 4.15.12-mosn xhci-hcd
[    2.601799] usb usb4: SerialNumber: 0000:0b:00.0
[    2.605394] hub 4-0:1.0: USB hub found
[    2.607888] hub 4-0:1.0: 4 ports detected
[    2.610804] usbcore: registered new interface driver uas
[    2.614892] usbcore: registered new interface driver usb-storage
[    2.619648] usbcore: registered new interface driver ums-alauda
[    2.624319] usbcore: registered new interface driver ums-datafab
[    2.629078] usbcore: registered new interface driver ums_eneub6250
[    2.634005] usbcore: registered new interface driver ums-freecom
[    2.638765] usbcore: registered new interface driver ums-isd200
[    2.643436] usbcore: registered new interface driver ums-jumpshot
[    2.648274] usbcore: registered new interface driver ums-karma
[    2.652853] usbcore: registered new interface driver ums-onetouch
[    2.657698] usbcore: registered new interface driver ums-sddr09
[    2.662371] usbcore: registered new interface driver ums-sddr55
[    2.667046] usbcore: registered new interface driver ums-usbat
[    2.671661] i8042: PNP: PS/2 Controller [PNP0303:PS2K,PNP0f03:PS2M] at 0x60,0x64 irq 1,12
[    2.680984] serio: i8042 KBD port at 0x60,0x64 irq 1
[    2.684709] serio: i8042 AUX port at 0x60,0x64 irq 12
[    2.688838] mousedev: PS/2 mouse device common for all mice
[    2.693698] rtc_cmos 00:05: RTC can wake from S4
[    2.697299] rtc_cmos 00:05: rtc core: registered rtc_cmos as rtc0
[    2.702190] rtc_cmos 00:05: alarms up to one month, y3k, 114 bytes nvram, hpet irqs
[    2.708599] i2c /dev entries driver
[    2.710872] device-mapper: uevent: version 1.0.3
[    2.714346] device-mapper: ioctl: 4.37.0-ioctl (2017-09-20) initialised: dm-devel@redhat.com
[    2.721533] intel_pstate: Intel P-state driver initializing
[    2.727557] ledtrig-cpu: registered to indicate activity on CPUs
[    2.733154] NET: Registered protocol family 10
[    2.736862] Segment Routing with IPv6
[    2.739299] NET: Registered protocol family 17
[    2.742503] Key type dns_resolver registered
[    2.748329] microcode: sig=0x206d6, pf=0x1, revision=0x616
[    2.753081] microcode: Microcode Update Driver: v2.2.
[    2.753632] registered taskstats version 1
[    2.760286] Loading compiled-in X.509 certificates
[    2.768064] usb 1-1: new high-speed USB device number 2 using ehci-pci
[    2.774208] Loaded X.509 cert 'Build time autogenerated kernel key: 9467c5b395ede83f3de609a8022dd925d6e2d2da'
[    2.782938] zswap: loaded using pool lzo/zbud
[    2.792956] Key type trusted registered
[    2.802298] Key type encrypted registered
[    2.805079] AppArmor: AppArmor sha1 policy hashing enabled
[    2.809326] ima: No TPM chip found, activating TPM-bypass! (rc=-19)
[    2.814376] evm: HMAC attrs: 0x1
[    2.817057]   Magic number: 3:236:620
[    2.819621] rtc_cmos 00:05: setting system clock to 2019-01-14 06:38:02 UTC (1547447882)
[    2.826574] BIOS EDD facility v0.16 2004-Jun-25, 0 devices found
[    2.831345] EDD information not available.
[    2.832037] usb 2-1: new high-speed USB device number 2 using ehci-pci
[    2.842444] Freeing unused kernel memory: 7116K
[    2.847102] Write protecting the kernel read-only data: 18432k
[    2.852477] Freeing unused kernel memory: 2008K
[    2.856360] Freeing unused kernel memory: 188K
[    2.900042] usb 3-1: new high-speed USB device number 2 using xhci_hcd
[    2.925039] zram: Added device: zram0
[    2.932351] usb 1-1: New USB device found, idVendor=8087, idProduct=0024
[    2.932354] usb 1-1: New USB device strings: Mfr=0, Product=0, SerialNumber=0
[    2.932600] hub 1-1:1.0: USB hub found
[    2.932691] hub 1-1:1.0: 6 ports detected
[    2.986372] zram0: detected capacity change from 0 to 536870912
[    2.987386] Adding 524284k swap on /dev/zram0.  Priority:-2 extents:1 across:524284k SSFS
[    2.988487] usb 2-1: New USB device found, idVendor=8087, idProduct=0024
[    2.988492] usb 2-1: New USB device strings: Mfr=0, Product=0, SerialNumber=0
[    2.988922] hub 2-1:1.0: USB hub found
[    2.989108] hub 2-1:1.0: 8 ports detected
[    3.003880] dca service started, version 1.12.1
[    3.008491] pps_core: LinuxPPS API ver. 1 registered
[    3.008493] pps_core: Software ver. 5.3.6 - Copyright 2005-2007 Rodolfo Giometti <giometti@linux.it>
[    3.010882] PTP clock support registered
[    3.057433] usb 3-1: New USB device found, idVendor=2109, idProduct=3431
[    3.057436] usb 3-1: New USB device strings: Mfr=0, Product=1, SerialNumber=0
[    3.057438] usb 3-1: Product: USB2.0 Hub
[    3.057969] hub 3-1:1.0: USB hub found
[    3.058330] hub 3-1:1.0: 4 ports detected
[    3.085684] scsi host0: pata_legacy
[    3.085753] ata1: PATA max PIO4 cmd 0x1f0 ctl 0x3f6 irq 14
[    3.280570] scsi host0: pata_legacy
[    3.280715] ata2: PATA max PIO4 cmd 0x170 ctl 0x376 irq 15
[    3.528177] scsi host0: pata_legacy
[    3.528329] ata3: PATA max PIO4 cmd 0x1f0 ctl 0x3f6 irq 14
[    3.704738] scsi host0: pata_legacy
[    3.704874] ata4: PATA max PIO4 cmd 0x170 ctl 0x376 irq 15
[    3.971520] ahci 0000:00:1f.2: version 3.0
[    3.971765] ahci 0000:00:1f.2: AHCI 0001.0300 32 slots 6 ports 6 Gbps 0x0 impl SATA mode
[    3.971769] ahci 0000:00:1f.2: flags: 64bit ncq sntf pm led clo pio slum part ems apst 
[    3.972603] scsi host0: ahci
[    3.972738] scsi host1: ahci
[    3.972870] scsi host2: ahci
[    3.973020] scsi host3: ahci
[    3.973151] scsi host4: ahci
[    3.973295] scsi host5: ahci
[    3.973363] ata5: DUMMY
[    3.973364] ata6: DUMMY
[    3.973365] ata7: DUMMY
[    3.973367] ata8: DUMMY
[    3.973368] ata9: DUMMY
[    3.973369] ata10: DUMMY
[    3.981763] hidraw: raw HID events driver (C) Jiri Kosina
[    3.989156] usbcore: registered new interface driver usbmouse
[    3.991307] usbcore: registered new interface driver usbkbd
[    3.995281] usbcore: registered new interface driver usbhid
[    3.995282] usbhid: USB HID core driver
[    4.019617] ftdi_elan: driver ftdi-elan
[    4.019633] usbcore: registered new interface driver ftdi-elan
[    4.038264] driver u132_hcd
[    4.061639] usbcore: registered new interface driver hwa-hc
[    4.065575] fotg210_hcd: FOTG210 Host Controller (EHCI) Driver
[    4.065576] Warning! fotg210_hcd should always be loaded before uhci_hcd and ohci_hcd, not after
[    4.084249] ntfs: driver 2.1.32 [Flags: R/O MODULE].
[    4.232137] via_rhine: v1.10-LK1.5.1 2010-10-09 Written by Donald Becker
[    4.235335] tlan: ThunderLAN driver v1.17
[    4.235360] tlan: 0 devices installed, PCI: 0  EISA: 0
[    4.302780] tlan: ThunderLAN driver v1.17
[    4.302806] tlan: 0 devices installed, PCI: 0  EISA: 0
[    4.353611] tehuti: Tehuti Networks(R) Network Driver, 7.29.3
[    4.353612] tehuti: Options: hw_csum 
[    4.389308] epic100.c:v1.11 1/7/2001 Written by Donald Becker <becker@scyld.com>  (unofficial 2.4.x kernel port, version 2.1, Sept 11, 2006)
[    4.392348] sis900.c: v1.08.10 Apr. 2 2006
[    4.413940] Solarflare NET driver v4.1
[    4.439431] QLogic 1/10 GbE Converged/Intelligent Ethernet Driver v5.3.66
[    4.458787] QLogic FastLinQ 4xxxx Core Module qed 8.10.11.21
[    4.463553] qede_init: QLogic FastLinQ 4xxxx Ethernet Driver qede 8.10.10.21

[    4.470002] QLogic/NetXen Network Driver v4.0.82
[    4.472669] yellowfin.c:v1.05  1/09/2001  Written by Donald Becker <becker@scyld.com>
                 (unofficial 2.4.x port, 2.1, Sep 11, 2006)
[    4.475411] hamachi.c:v2.1 Sept 11, 2006  Written by Donald Becker
                  Some modifications by Eric kasten <kasten@nscl.msu.edu>
                  Further modifications by Keith Underwood <keithu@parl.clemson.edu>
[    4.484902] vxge: Copyright(c) 2002-2010 Exar Corp.
[    4.484903] vxge: Driver version: 2.5.3.22640-k
[    4.491823] ns83820.c: National Semiconductor DP83820 10/100/1000 driver.
[    4.495052] natsemi dp8381x driver, version 2.1, Sept 11, 2006
                 originally by Donald Becker <becker@scyld.com>
                 2.4.x kernel port by Jeff Garzik, Tjeerd Mulder
[    4.498906] myri10ge: Version 1.5.3-1.534
[    4.588559] sky2: driver version 1.30
[    4.597989] jme: JMicron JMC2XX ethernet driver version 1.0.8
[    4.602213] ixgbevf: Intel(R) 10 Gigabit PCI Express Virtual Function Network Driver - version 4.1.0-k
[    4.602214] ixgbevf: Copyright (c) 2009 - 2015 Intel Corporation.
[    4.617503] ixgbe: Intel(R) 10 Gigabit PCI Express Network Driver - version 5.1.0-k
[    4.617504] ixgbe: Copyright (c) 1999-2016 Intel Corporation.
[    4.621473] ixgb: Intel(R) PRO/10GbE Network Driver - version 1.0.135-k2-NAPI
[    4.621474] ixgb: Copyright (c) 1999-2008 Intel Corporation.
[    4.625001] igbvf: Intel(R) Gigabit Virtual Function Network Driver - version 2.4.0-k
[    4.625002] igbvf: Copyright (c) 2009 - 2012 Intel Corporation.
[    4.635936] igb: Intel(R) Gigabit Ethernet Network Driver - version 5.4.0-k
[    4.635937] igb: Copyright (c) 2007-2014 Intel Corporation.
[    4.641631] i40evf: Intel(R) 40-10 Gigabit Virtual Function Network Driver - version 3.0.1-k
[    4.641632] Copyright (c) 2013 - 2015 Intel Corporation.
[    4.655663] i40e: Intel(R) Ethernet Connection XL710 Network Driver - version 2.1.14-k
[    4.655664] i40e: Copyright (c) 2013 - 2014 Intel Corporation.
[    4.662441] Intel(R) Ethernet Switch Host Interface Driver - version 0.22.1-k
[    4.662443] Copyright(c) 2013 - 2017 Intel Corporation.
[    4.676599] e1000e: Intel(R) PRO/1000 Network Driver - 3.2.6-k
[    4.676600] e1000e: Copyright(c) 1999 - 2015 Intel Corporation.
[    4.682823] e1000: Intel(R) PRO/1000 Network Driver - version 7.3.21-k8-NAPI
[    4.682824] e1000: Copyright (c) 1999-2006 Intel Corporation.
[    4.686479] e100: Intel(R) PRO/100 Network Driver, 3.5.24-k2-NAPI
[    4.686480] e100: Copyright(c) 1999-2006 Intel Corporation
[    4.692355] fealnx.c:v2.52 Sep-11-2006
[    4.711011] sundance.c:v1.2 11-Sep-2006 Written by Donald Becker
[    4.718012] v1.01-e (2.4 port) Sep-11-2006  Donald Becker <becker@scyld.com>
                 http://www.scyld.com/network/drivers.html
[    4.720904] uli526x: ULi M5261/M5263 net driver, version 0.9.3 (2005-7-29)
[    4.725001] tulip: Linux Tulip driver version 1.1.15 (Feb 27, 2007)
[    4.727926] dmfe: Davicom DM9xxx net driver, version 1.36.4 (2002-01-17)
[    4.734719] de2104x: PCI Ethernet driver v0.7 (Mar 17, 2004)
[    4.740636] enic: Cisco VIC Ethernet NIC Driver, ver 2.3.0.45
[    4.780631] thunder-xcv, ver 1.0
[    4.783691] thunder-BGX, ver 1.0
[    4.787819] thunder-nicvf, ver 1.0
[    4.790403] thunder-nic, ver 1.0
[    5.834374] bna: QLogic BR-series 10G Ethernet driver - version: 3.2.25.1
[    5.847996] cnic: QLogic cnicDriver v2.5.22 (July 20, 2015)
[    5.881812] bnx2x: QLogic 5771x/578xx 10/20-Gigabit Ethernet Driver bnx2x 1.712.30-0 (2014/02/10)
[    5.898288] Atheros(R) L2 Ethernet Driver - version 2.2.3
[    5.898290] Copyright (c) 2007 Atheros Corporation.
[    5.918971] pcnet32: pcnet32.c:v1.35 21.Apr.2008 tsbogend@alpha.franken.de
[    5.937552] starfire.c:v1.03 7/26/2000  Written by Donald Becker <becker@scyld.com>
                (unofficial 2.2/2.4 kernel port, version 2.1, July  6, 2008)
[    5.937553] starfire: polling (NAPI) enabled
[    5.942403] ne2k-pci.c:v1.03 9/22/2003 D. Becker/P. Gortmaker
[    5.952973] atp.c:v1.09=ac 2002/10/01 Donald Becker <becker@scyld.com>
[    6.018862] atp.c:v1.09=ac 2002/10/01 Donald Becker <becker@scyld.com>
[    6.056597] 8139too: 8139too Fast Ethernet driver 0.9.28
[    6.066937] r8169 Gigabit Ethernet driver 2.3LK-NAPI loaded
[    6.066949] r8169 0000:0a:00.0: can't disable ASPM; OS doesn't have ASPM control
[    6.067558] r8169 0000:0a:00.0 eth0: RTL8168evl/8111evl at 0x0000000000b5d294, 00:f1:f3:03:40:c5, XID 0c900880 IRQ 29
[    6.067561] r8169 0000:0a:00.0 eth0: jumbo features [frames: 9200 bytes, tx checksumming: ko]
[    6.097912] r8169 0000:0a:00.0: Direct firmware load for rtl_nic/rtl8168e-3.fw failed with error -2
[    6.097917] r8169 0000:0a:00.0 eth0: unable to load firmware patch rtl_nic/rtl8168e-3.fw (-2)
[    6.118139] r8169 0000:0a:00.0 eth0: link down
[    6.118142] r8169 0000:0a:00.0 eth0: link down
[    6.118222] IPv6: ADDRCONF(NETDEV_UP): eth0: link is not ready
[    9.657818] r8169 0000:0a:00.0 eth0: link up
[    9.657826] IPv6: ADDRCONF(NETDEV_CHANGE): eth0: link becomes ready
[   21.382759] aufs test_add:284:mount[1755]: uid/gid/perm /memory/bundles/01-base_1.6.5_all.x86_64.mosb 0/0/0777, 0/0/0755
[   21.474401] aufs test_add:284:mount[1769]: uid/gid/perm /memory/bundles/05-driver_1.7.40_amd.x86_64.mosb 0/0/0777, 0/0/0755
[   21.590628] aufs test_add:284:mount[1790]: uid/gid/perm /memory/bundles/15-app_1.7.0_amd.x86_64.mosb 999/998/0777, 0/0/0755
[   22.285027] systemd[1]: systemd 229 running in system mode. (+PAM +AUDIT +SELINUX +IMA +APPARMOR +SMACK +SYSVINIT +UTMP +LIBCRYPTSETUP +GCRYPT +GNUTLS +ACL +XZ -LZ4 +SECCOMP +BLKID +ELFUTILS +KMOD -IDN)
[   22.304461] systemd[1]: Detected architecture x86-64.
[   22.328399] systemd[1]: Set hostname to <mos>.
[   22.466169] systemd[1]: Configuration file /etc/systemd/system/pritunl-client.service is marked executable. Please remove executable permission bits. Proceeding anyway.
[   22.466884] systemd[1]: Configuration file /lib/systemd/system/mcd.service is marked executable. Please remove executable permission bits. Proceeding anyway.
[   22.470090] systemd[1]: Set up automount Arbitrary Executable File Formats File System Automount Point.
[   22.470418] systemd[1]: Started Forward Password Requests to Wall Directory Watch.
[   22.470649] systemd[1]: Reached target Remote File Systems (Pre).
[   22.470867] systemd[1]: Reached target Remote File Systems.
[   22.471123] systemd[1]: Listening on Syslog Socket.
[   22.766558] systemd-journald[1871]: Received request to flush runtime journal from PID 1
[   23.092294] ip_tables: (C) 2000-2006 Netfilter Core Team
[   23.253776] shpchp: Standard Hot Plug PCI Controller Driver version: 0.4
[   23.387274] AVX version of gcm_enc/dec engaged.
[   23.387276] AES CTR mode by8 optimization enabled
[   23.600184] nf_conntrack version 0.5.0 (16384 buckets, 65536 max)
[   23.651114] [drm] amdgpu kernel modesetting enabled.
[   23.675552] AMD IOMMUv2 driver by Joerg Roedel <jroedel@suse.de>
[   23.675553] AMD IOMMUv2 functionality not available on this system
[   23.698639] CRAT table not found
[   23.698641] Finished initializing topology ret=0
[   23.698686] kfd kfd: Initialized module
[   23.699047] amdgpu 0000:02:00.0: enabling device (0000 -> 0003)
[   23.699287] [drm] initializing kernel modesetting (POLARIS10 0x1002:0x67DF 0x1DA2:0xE366 0xEF).
[   23.699308] [drm] register mmio base: 0xFBE00000
[   23.699309] [drm] register mmio size: 262144
[   23.699324] [drm] probing gen 2 caps for device 8086:3c03 = 7a7843/e
[   23.699326] [drm] probing mlw for device 8086:3c03 = 7a7843
[   23.699337] [drm] UVD is enabled in VM mode
[   23.699338] [drm] UVD ENC is enabled in VM mode
[   23.699341] [drm] VCE enabled in VM mode
[   23.711038] EDAC sbridge: Seeking for: PCI ID 8086:3ca0
[   23.711054] EDAC sbridge: Seeking for: PCI ID 8086:3ca0
[   23.711059] EDAC sbridge: Seeking for: PCI ID 8086:3ca8
[   23.711067] EDAC sbridge: Seeking for: PCI ID 8086:3ca8
[   23.711070] EDAC sbridge: Seeking for: PCI ID 8086:3c71
[   23.711077] EDAC sbridge: Seeking for: PCI ID 8086:3c71
[   23.711080] EDAC sbridge: Seeking for: PCI ID 8086:3caa
[   23.711088] EDAC sbridge: Seeking for: PCI ID 8086:3caa
[   23.711091] EDAC sbridge: Seeking for: PCI ID 8086:3cab
[   23.711098] EDAC sbridge: Seeking for: PCI ID 8086:3cab
[   23.711101] EDAC sbridge: Seeking for: PCI ID 8086:3cac
[   23.711109] EDAC sbridge: Seeking for: PCI ID 8086:3cac
[   23.711111] EDAC sbridge: Seeking for: PCI ID 8086:3cad
[   23.711119] EDAC sbridge: Seeking for: PCI ID 8086:3cad
[   23.711122] EDAC sbridge: Seeking for: PCI ID 8086:3cb8
[   23.711130] EDAC sbridge: Seeking for: PCI ID 8086:3cb8
[   23.711132] EDAC sbridge: Seeking for: PCI ID 8086:3cf4
[   23.711138] EDAC sbridge: Seeking for: PCI ID 8086:3cf4
[   23.711141] EDAC sbridge: Seeking for: PCI ID 8086:3cf6
[   23.711148] EDAC sbridge: Seeking for: PCI ID 8086:3cf6
[   23.711151] EDAC sbridge: Seeking for: PCI ID 8086:3cf5
[   23.711158] EDAC sbridge: Seeking for: PCI ID 8086:3cf5
[   23.711304] EDAC MC0: Giving out device to module sb_edac controller Sandy Bridge SrcID#0_Ha#0: DEV 0000:ff:0e.0 (INTERRUPT)
[   23.711305] EDAC sbridge:  Ver: 1.1.2 
[   23.741021] intel_rapl: Found RAPL domain package
[   23.741023] intel_rapl: Found RAPL domain core
[   23.920157] ATOM BIOS: 113-2E366FU-O53
[   23.920178] [drm] GPU posting now...
[   24.057226] [drm] vm size is 64 GB, block size is 13-bit, fragment size is 9-bit
[   24.072161] amdgpu 0000:02:00.0: VRAM: 4096M 0x000000F400000000 - 0x000000F4FFFFFFFF (4096M used)
[   24.072164] amdgpu 0000:02:00.0: GTT: 256M 0x0000000000000000 - 0x000000000FFFFFFF
[   24.072177] [drm] Detected VRAM RAM=4096M, BAR=256M
[   24.072178] [drm] RAM width 256bits GDDR5
[   24.072311] [TTM] Zone  kernel: Available graphics memory: 1980990 kiB
[   24.072312] [TTM] Initializing pool allocator
[   24.072316] [TTM] Initializing DMA pool allocator
[   24.072343] [drm] amdgpu: 4096M of VRAM memory ready
[   24.072344] [drm] amdgpu: 4096M of GTT memory ready.
[   24.072355] [drm] GART: num cpu pages 65536, num gpu pages 65536
[   24.072426] [drm] PCIE GART of 256M enabled (table at 0x000000F400040000).
[   24.072502] amdgpu 0000:02:00.0: amdgpu: using MSI.
[   24.072504] [drm] Supports vblank timestamp caching Rev 2 (21.10.2013).
[   24.072504] [drm] Driver supports precise vblank timestamp query.
[   24.072526] [drm] amdgpu: irq initialized.
[   24.072553] amdgpu: [powerplay] amdgpu: powerplay sw initialized
[   24.072965] [drm] AMDGPU Display Connectors
[   24.072966] [drm] Connector 0:
[   24.072967] [drm]   DP-1
[   24.072968] [drm]   HPD6
[   24.072970] [drm]   DDC: 0x4868 0x4868 0x4869 0x4869 0x486a 0x486a 0x486b 0x486b
[   24.072970] [drm]   Encoders:
[   24.072971] [drm]     DFP1: INTERNAL_UNIPHY2
[   24.072972] [drm] Connector 1:
[   24.072973] [drm]   DP-2
[   24.072973] [drm]   HPD4
[   24.072975] [drm]   DDC: 0x4870 0x4870 0x4871 0x4871 0x4872 0x4872 0x4873 0x4873
[   24.072975] [drm]   Encoders:
[   24.072976] [drm]     DFP2: INTERNAL_UNIPHY2
[   24.072977] [drm] Connector 2:
[   24.072977] [drm]   HDMI-A-1
[   24.072978] [drm]   HPD1
[   24.072979] [drm]   DDC: 0x486c 0x486c 0x486d 0x486d 0x486e 0x486e 0x486f 0x486f
[   24.072980] [drm]   Encoders:
[   24.072981] [drm]     DFP3: INTERNAL_UNIPHY1
[   24.072981] [drm] Connector 3:
[   24.072982] [drm]   HDMI-A-2
[   24.072982] [drm]   HPD5
[   24.072984] [drm]   DDC: 0x4874 0x4874 0x4875 0x4875 0x4876 0x4876 0x4877 0x4877
[   24.072985] [drm]   Encoders:
[   24.072985] [drm]     DFP4: INTERNAL_UNIPHY1
[   24.072986] [drm] Connector 4:
[   24.072986] [drm]   DVI-D-1
[   24.072987] [drm]   HPD3
[   24.072989] [drm]   DDC: 0x487c 0x487c 0x487d 0x487d 0x487e 0x487e 0x487f 0x487f
[   24.072989] [drm]   Encoders:
[   24.072990] [drm]     DFP5: INTERNAL_UNIPHY
[   24.115069] [drm] Chained IB support enabled!
[   24.119781] amdgpu 0000:02:00.0: fence driver on ring 0 use gpu addr 0x0000000000400040, cpu addr 0x000000001f6a00a4
[   24.119838] amdgpu 0000:02:00.0: fence driver on ring 1 use gpu addr 0x00000000004000c0, cpu addr 0x000000008e9c874c
[   24.119883] amdgpu 0000:02:00.0: fence driver on ring 2 use gpu addr 0x0000000000400140, cpu addr 0x000000006ccb0bed
[   24.119934] amdgpu 0000:02:00.0: fence driver on ring 3 use gpu addr 0x00000000004001c0, cpu addr 0x00000000e2de66ea
[   24.119984] amdgpu 0000:02:00.0: fence driver on ring 4 use gpu addr 0x0000000000400240, cpu addr 0x000000006680a90b
[   24.120081] amdgpu 0000:02:00.0: fence driver on ring 5 use gpu addr 0x00000000004002c0, cpu addr 0x000000005d79e25f
[   24.120179] amdgpu 0000:02:00.0: fence driver on ring 6 use gpu addr 0x0000000000400340, cpu addr 0x000000008fdac1d8
[   24.120274] amdgpu 0000:02:00.0: fence driver on ring 7 use gpu addr 0x00000000004003c0, cpu addr 0x00000000f6ac1504
[   24.120360] amdgpu 0000:02:00.0: fence driver on ring 8 use gpu addr 0x0000000000400440, cpu addr 0x000000002ecd7535
[   24.120387] amdgpu 0000:02:00.0: fence driver on ring 9 use gpu addr 0x00000000004004e0, cpu addr 0x00000000414de1c3
[   24.121311] amdgpu 0000:02:00.0: fence driver on ring 10 use gpu addr 0x0000000000400560, cpu addr 0x0000000055ccabbe
[   24.121403] amdgpu 0000:02:00.0: fence driver on ring 11 use gpu addr 0x00000000004005e0, cpu addr 0x00000000b1f3f144
[   24.154709] [drm] Found UVD firmware Version: 1.130 Family ID: 16
[   24.158765] amdgpu 0000:02:00.0: fence driver on ring 12 use gpu addr 0x000000f4001e7a80, cpu addr 0x0000000063a11868
[   24.158884] amdgpu 0000:02:00.0: fence driver on ring 13 use gpu addr 0x00000000004006e0, cpu addr 0x00000000d8b0cf14
[   24.158995] amdgpu 0000:02:00.0: fence driver on ring 14 use gpu addr 0x0000000000400760, cpu addr 0x00000000a8af16f5
[   24.178091] [drm] Found VCE firmware Version: 53.26 Binary ID: 3
[   24.178465] amdgpu 0000:02:00.0: fence driver on ring 15 use gpu addr 0x00000000004007e0, cpu addr 0x00000000a82857d6
[   24.178587] amdgpu 0000:02:00.0: fence driver on ring 16 use gpu addr 0x0000000000400860, cpu addr 0x00000000b213f94e
[   24.178699] amdgpu 0000:02:00.0: fence driver on ring 17 use gpu addr 0x00000000004008e0, cpu addr 0x000000007b826a41
[   24.247608] [drm] ring test on 0 succeeded in 19 usecs
[   24.248427] [drm] ring test on 9 succeeded in 7 usecs
[   24.248478] [drm] ring test on 1 succeeded in 18 usecs
[   24.248495] [drm] ring test on 2 succeeded in 3 usecs
[   24.248514] [drm] ring test on 3 succeeded in 4 usecs
[   24.248542] [drm] ring test on 4 succeeded in 6 usecs
[   24.248588] [drm] ring test on 5 succeeded in 13 usecs
[   24.248605] [drm] ring test on 6 succeeded in 3 usecs
[   24.248629] [drm] ring test on 7 succeeded in 5 usecs
[   24.248661] [drm] ring test on 8 succeeded in 7 usecs
[   24.248741] [drm] ring test on 10 succeeded in 6 usecs
[   24.248748] [drm] ring test on 11 succeeded in 6 usecs
[   24.275509] [drm] ring test on 12 succeeded in 1 usecs
[   24.277534] [drm] ring test on 13 succeeded in 877 usecs
[   24.277548] [drm] ring test on 14 succeeded in 4 usecs
[   24.277549] [drm] UVD and UVD ENC initialized successfully.
[   24.377502] [drm] ring test on 15 succeeded in 6 usecs
[   24.377514] [drm] ring test on 16 succeeded in 3 usecs
[   24.377526] [drm] ring test on 17 succeeded in 3 usecs
[   24.377526] [drm] VCE initialized successfully.
[   24.377931] [drm] ib test on ring 0 succeeded
[   24.378111] [drm] ib test on ring 1 succeeded
[   24.378156] [drm] ib test on ring 2 succeeded
[   24.378208] [drm] ib test on ring 3 succeeded
[   24.378259] [drm] ib test on ring 4 succeeded
[   24.378308] [drm] ib test on ring 5 succeeded
[   24.378358] [drm] ib test on ring 6 succeeded
[   24.378410] [drm] ib test on ring 7 succeeded
[   24.378461] [drm] ib test on ring 8 succeeded
[   24.892036] [drm] ib test on ring 9 succeeded
[   24.892084] [drm] ib test on ring 10 succeeded
[   24.892119] [drm] ib test on ring 11 succeeded
[   24.893162] [drm] ib test on ring 12 succeeded
[   24.895752] [drm] ib test on ring 13 succeeded
[   24.898342] [drm] ib test on ring 14 succeeded
[   24.898618] [drm] ib test on ring 15 succeeded
[   25.059502] [drm] Cannot find any crtc or sizes
[   25.096775] amdgpu 0000:02:00.0: kfd not supported on this ASIC
[   25.096788] [drm] Initialized amdgpu 3.23.0 20150101 for 0000:02:00.0 on minor 0
[   25.097071] [drm] initializing kernel modesetting (POLARIS10 0x1002:0x67DF 0x1DA2:0xE366 0xEF).
[   25.097094] [drm] register mmio base: 0xFBD00000
[   25.097097] [drm] register mmio size: 262144
[   25.097111] [drm] probing gen 2 caps for device 8086:3c04 = 7a7903/e
[   25.097113] [drm] probing mlw for device 8086:3c04 = 7a7903
[   25.097122] [drm] UVD is enabled in VM mode
[   25.097122] [drm] UVD ENC is enabled in VM mode
[   25.097124] [drm] VCE enabled in VM mode
[   25.108267] ATOM BIOS: 113-2E366FU-O53
[   25.108278] [drm] GPU post is not needed
[   25.108975] [drm] vm size is 64 GB, block size is 13-bit, fragment size is 9-bit
[   25.108988] amdgpu 0000:03:00.0: VRAM: 4096M 0x000000F400000000 - 0x000000F4FFFFFFFF (4096M used)
[   25.108990] amdgpu 0000:03:00.0: GTT: 256M 0x0000000000000000 - 0x000000000FFFFFFF
[   25.108997] [drm] Detected VRAM RAM=4096M, BAR=256M
[   25.108998] [drm] RAM width 256bits GDDR5
[   25.109015] [drm] amdgpu: 4096M of VRAM memory ready
[   25.109017] [drm] amdgpu: 4096M of GTT memory ready.
[   25.109026] [drm] GART: num cpu pages 65536, num gpu pages 65536
[   25.109099] [drm] PCIE GART of 256M enabled (table at 0x000000F400040000).
[   25.109177] amdgpu 0000:03:00.0: amdgpu: using MSI.
[   25.109178] [drm] Supports vblank timestamp caching Rev 2 (21.10.2013).
[   25.109179] [drm] Driver supports precise vblank timestamp query.
[   25.109200] [drm] amdgpu: irq initialized.
[   25.109230] amdgpu: [powerplay] amdgpu: powerplay sw initialized
[   25.109633] [drm] AMDGPU Display Connectors
[   25.109635] [drm] Connector 0:
[   25.109635] [drm]   DP-3
[   25.109636] [drm]   HPD6
[   25.109638] [drm]   DDC: 0x4868 0x4868 0x4869 0x4869 0x486a 0x486a 0x486b 0x486b
[   25.109638] [drm]   Encoders:
[   25.109639] [drm]     DFP1: INTERNAL_UNIPHY2
[   25.109640] [drm] Connector 1:
[   25.109641] [drm]   DP-4
[   25.109641] [drm]   HPD4
[   25.109643] [drm]   DDC: 0x4870 0x4870 0x4871 0x4871 0x4872 0x4872 0x4873 0x4873
[   25.109643] [drm]   Encoders:
[   25.109644] [drm]     DFP2: INTERNAL_UNIPHY2
[   25.109645] [drm] Connector 2:
[   25.109645] [drm]   HDMI-A-3
[   25.109646] [drm]   HPD1
[   25.109647] [drm]   DDC: 0x486c 0x486c 0x486d 0x486d 0x486e 0x486e 0x486f 0x486f
[   25.109648] [drm]   Encoders:
[   25.109649] [drm]     DFP3: INTERNAL_UNIPHY1
[   25.109649] [drm] Connector 3:
[   25.109650] [drm]   HDMI-A-4
[   25.109650] [drm]   HPD5
[   25.109652] [drm]   DDC: 0x4874 0x4874 0x4875 0x4875 0x4876 0x4876 0x4877 0x4877
[   25.109652] [drm]   Encoders:
[   25.109653] [drm]     DFP4: INTERNAL_UNIPHY1
[   25.109654] [drm] Connector 4:
[   25.109654] [drm]   DVI-D-2
[   25.109655] [drm]   HPD3
[   25.109656] [drm]   DDC: 0x487c 0x487c 0x487d 0x487d 0x487e 0x487e 0x487f 0x487f
[   25.109657] [drm]   Encoders:
[   25.109658] [drm]     DFP5: INTERNAL_UNIPHY
[   25.109668] [drm] Chained IB support enabled!
[   25.109754] amdgpu 0000:03:00.0: fence driver on ring 0 use gpu addr 0x0000000000400040, cpu addr 0x000000004fe5e852
[   25.109796] amdgpu 0000:03:00.0: fence driver on ring 1 use gpu addr 0x00000000004000c0, cpu addr 0x00000000b3c7d8e8
[   25.109842] amdgpu 0000:03:00.0: fence driver on ring 2 use gpu addr 0x0000000000400140, cpu addr 0x0000000079e8c624
[   25.109887] amdgpu 0000:03:00.0: fence driver on ring 3 use gpu addr 0x00000000004001c0, cpu addr 0x00000000ecae6573
[   25.109929] amdgpu 0000:03:00.0: fence driver on ring 4 use gpu addr 0x0000000000400240, cpu addr 0x00000000faa0fbcb
[   25.109976] amdgpu 0000:03:00.0: fence driver on ring 5 use gpu addr 0x00000000004002c0, cpu addr 0x00000000aeb8a149
[   25.110018] amdgpu 0000:03:00.0: fence driver on ring 6 use gpu addr 0x0000000000400340, cpu addr 0x000000004e30b465
[   25.110063] amdgpu 0000:03:00.0: fence driver on ring 7 use gpu addr 0x00000000004003c0, cpu addr 0x00000000522268d9
[   25.110104] amdgpu 0000:03:00.0: fence driver on ring 8 use gpu addr 0x0000000000400440, cpu addr 0x0000000050ce6a94
[   25.110164] amdgpu 0000:03:00.0: fence driver on ring 9 use gpu addr 0x00000000004004e0, cpu addr 0x00000000747d6540
[   25.110964] amdgpu 0000:03:00.0: fence driver on ring 10 use gpu addr 0x0000000000400560, cpu addr 0x00000000ba4ab6e6
[   25.111014] amdgpu 0000:03:00.0: fence driver on ring 11 use gpu addr 0x00000000004005e0, cpu addr 0x000000007d480f51
[   25.111034] [drm] Found UVD firmware Version: 1.130 Family ID: 16
[   25.115042] amdgpu 0000:03:00.0: fence driver on ring 12 use gpu addr 0x000000f4001e7a80, cpu addr 0x00000000512aa735
[   25.115084] amdgpu 0000:03:00.0: fence driver on ring 13 use gpu addr 0x00000000004006e0, cpu addr 0x00000000bfb68e81
[   25.115121] amdgpu 0000:03:00.0: fence driver on ring 14 use gpu addr 0x0000000000400760, cpu addr 0x00000000a820c2e6
[   25.115140] [drm] Found VCE firmware Version: 53.26 Binary ID: 3
[   25.115423] amdgpu 0000:03:00.0: fence driver on ring 15 use gpu addr 0x00000000004007e0, cpu addr 0x0000000099146b89
[   25.115464] amdgpu 0000:03:00.0: fence driver on ring 16 use gpu addr 0x0000000000400860, cpu addr 0x00000000f51d586f
[   25.115502] amdgpu 0000:03:00.0: fence driver on ring 17 use gpu addr 0x00000000004008e0, cpu addr 0x0000000063b94887
[   25.173452] [drm] ring test on 0 succeeded in 16 usecs
[   25.174267] [drm] ring test on 9 succeeded in 9 usecs
[   25.174304] [drm] ring test on 1 succeeded in 14 usecs
[   25.174316] [drm] ring test on 2 succeeded in 2 usecs
[   25.174332] [drm] ring test on 3 succeeded in 2 usecs
[   25.174355] [drm] ring test on 4 succeeded in 4 usecs
[   25.174383] [drm] ring test on 5 succeeded in 6 usecs
[   25.174397] [drm] ring test on 6 succeeded in 3 usecs
[   25.174416] [drm] ring test on 7 succeeded in 3 usecs
[   25.174436] [drm] ring test on 8 succeeded in 3 usecs
[   25.174510] [drm] ring test on 10 succeeded in 6 usecs
[   25.174518] [drm] ring test on 11 succeeded in 6 usecs
[   25.201050] [drm] ring test on 12 succeeded in 1 usecs
[   25.201092] [drm] ring test on 13 succeeded in 16 usecs
[   25.201105] [drm] ring test on 14 succeeded in 4 usecs
[   25.201106] [drm] UVD and UVD ENC initialized successfully.
[   25.207198] [drm] Cannot find any crtc or sizes
[   25.267188] [drm] Cannot find any crtc or sizes
[   25.301040] [drm] ring test on 15 succeeded in 6 usecs
[   25.301053] [drm] ring test on 16 succeeded in 3 usecs
[   25.301065] [drm] ring test on 17 succeeded in 3 usecs
[   25.301065] [drm] VCE initialized successfully.
[   25.301505] [drm] ib test on ring 0 succeeded
[   25.301717] [drm] ib test on ring 1 succeeded
[   25.301803] [drm] ib test on ring 2 succeeded
[   25.301890] [drm] ib test on ring 3 succeeded
[   25.301975] [drm] ib test on ring 4 succeeded
[   25.302061] [drm] ib test on ring 5 succeeded
[   25.302144] [drm] ib test on ring 6 succeeded
[   25.302230] [drm] ib test on ring 7 succeeded
[   25.302281] [drm] ib test on ring 8 succeeded
[   25.820037] [drm] ib test on ring 9 succeeded
[   25.820087] [drm] ib test on ring 10 succeeded
[   25.820122] [drm] ib test on ring 11 succeeded
[   25.821699] [drm] ib test on ring 12 succeeded
[   25.824329] [drm] ib test on ring 13 succeeded
[   25.826819] [drm] ib test on ring 14 succeeded
[   25.827094] [drm] ib test on ring 15 succeeded
[   26.070347] [drm] fb mappable at 0x90568000
[   26.070349] [drm] vram apper at 0x90000000
[   26.070350] [drm] size 8294400
[   26.070351] [drm] fb depth is 24
[   26.070352] [drm]    pitch is 7680
[   26.070483] fbcon: amdgpudrmfb (fb0) is primary device
[   26.529893] Console: switching to colour frame buffer device 240x67
[   26.541315] amdgpu 0000:03:00.0: fb0: amdgpudrmfb frame buffer device
[   26.581346] amdgpu 0000:03:00.0: kfd not supported on this ASIC
[   26.581361] [drm] Initialized amdgpu 3.23.0 20150101 for 0000:03:00.0 on minor 1
[   26.581477] amdgpu 0000:05:00.0: enabling device (0000 -> 0003)
[   26.581800] [drm] initializing kernel modesetting (POLARIS10 0x1002:0x67DF 0x1DA2:0xE366 0xEF).
[   26.581848] [drm] register mmio base: 0xFBC00000
[   26.581848] [drm] register mmio size: 262144
[   26.581863] [drm] probing gen 2 caps for device 8086:3c09 = 7a7843/e
[   26.581865] [drm] probing mlw for device 8086:3c09 = 7a7843
[   26.581876] [drm] UVD is enabled in VM mode
[   26.581876] [drm] UVD ENC is enabled in VM mode
[   26.581879] [drm] VCE enabled in VM mode
[   26.798573] ATOM BIOS: 113-2E366FU-O53
[   26.798586] [drm] GPU posting now...
[   26.929192] [drm] vm size is 64 GB, block size is 13-bit, fragment size is 9-bit
[   26.929206] amdgpu 0000:05:00.0: VRAM: 4096M 0x000000F400000000 - 0x000000F4FFFFFFFF (4096M used)
[   26.929208] amdgpu 0000:05:00.0: GTT: 256M 0x0000000000000000 - 0x000000000FFFFFFF
[   26.929218] [drm] Detected VRAM RAM=4096M, BAR=256M
[   26.929219] [drm] RAM width 256bits GDDR5
[   26.929236] [drm] amdgpu: 4096M of VRAM memory ready
[   26.929237] [drm] amdgpu: 4096M of GTT memory ready.
[   26.929247] [drm] GART: num cpu pages 65536, num gpu pages 65536
[   26.929312] [drm] PCIE GART of 256M enabled (table at 0x000000F400040000).
[   26.929381] amdgpu 0000:05:00.0: amdgpu: using MSI.
[   26.929383] [drm] Supports vblank timestamp caching Rev 2 (21.10.2013).
[   26.929383] [drm] Driver supports precise vblank timestamp query.
[   26.929404] [drm] amdgpu: irq initialized.
[   26.929434] amdgpu: [powerplay] amdgpu: powerplay sw initialized
[   26.929741] [drm] AMDGPU Display Connectors
[   26.929742] [drm] Connector 0:
[   26.929743] [drm]   DP-5
[   26.929743] [drm]   HPD6
[   26.929745] [drm]   DDC: 0x4868 0x4868 0x4869 0x4869 0x486a 0x486a 0x486b 0x486b
[   26.929745] [drm]   Encoders:
[   26.929746] [drm]     DFP1: INTERNAL_UNIPHY2
[   26.929747] [drm] Connector 1:
[   26.929747] [drm]   DP-6
[   26.929747] [drm]   HPD4
[   26.929749] [drm]   DDC: 0x4870 0x4870 0x4871 0x4871 0x4872 0x4872 0x4873 0x4873
[   26.929749] [drm]   Encoders:
[   26.929762] [drm]     DFP2: INTERNAL_UNIPHY2
[   26.929762] [drm] Connector 2:
[   26.929763] [drm]   HDMI-A-5
[   26.929763] [drm]   HPD1
[   26.929765] [drm]   DDC: 0x486c 0x486c 0x486d 0x486d 0x486e 0x486e 0x486f 0x486f
[   26.929765] [drm]   Encoders:
[   26.929766] [drm]     DFP3: INTERNAL_UNIPHY1
[   26.929766] [drm] Connector 3:
[   26.929767] [drm]   HDMI-A-6
[   26.929767] [drm]   HPD5
[   26.929768] [drm]   DDC: 0x4874 0x4874 0x4875 0x4875 0x4876 0x4876 0x4877 0x4877
[   26.929769] [drm]   Encoders:
[   26.929769] [drm]     DFP4: INTERNAL_UNIPHY1
[   26.929770] [drm] Connector 4:
[   26.929770] [drm]   DVI-D-3
[   26.929771] [drm]   HPD3
[   26.929772] [drm]   DDC: 0x487c 0x487c 0x487d 0x487d 0x487e 0x487e 0x487f 0x487f
[   26.929772] [drm]   Encoders:
[   26.929773] [drm]     DFP5: INTERNAL_UNIPHY
[   26.929782] [drm] Chained IB support enabled!
[   26.929884] amdgpu 0000:05:00.0: fence driver on ring 0 use gpu addr 0x0000000000400040, cpu addr 0x00000000f33cdc0b
[   26.929937] amdgpu 0000:05:00.0: fence driver on ring 1 use gpu addr 0x00000000004000c0, cpu addr 0x00000000c3b6097f
[   26.929983] amdgpu 0000:05:00.0: fence driver on ring 2 use gpu addr 0x0000000000400140, cpu addr 0x00000000baea0124
[   26.930040] amdgpu 0000:05:00.0: fence driver on ring 3 use gpu addr 0x00000000004001c0, cpu addr 0x00000000ae7db5b6
[   26.930084] amdgpu 0000:05:00.0: fence driver on ring 4 use gpu addr 0x0000000000400240, cpu addr 0x0000000034616efe
[   26.930135] amdgpu 0000:05:00.0: fence driver on ring 5 use gpu addr 0x00000000004002c0, cpu addr 0x00000000c64a33e7
[   26.930179] amdgpu 0000:05:00.0: fence driver on ring 6 use gpu addr 0x0000000000400340, cpu addr 0x00000000a9c77361
[   26.930227] amdgpu 0000:05:00.0: fence driver on ring 7 use gpu addr 0x00000000004003c0, cpu addr 0x00000000d2d5c6f0
[   26.930271] amdgpu 0000:05:00.0: fence driver on ring 8 use gpu addr 0x0000000000400440, cpu addr 0x00000000568c1658
[   26.930297] amdgpu 0000:05:00.0: fence driver on ring 9 use gpu addr 0x00000000004004e0, cpu addr 0x000000001b399d2f
[   26.930924] amdgpu 0000:05:00.0: fence driver on ring 10 use gpu addr 0x0000000000400560, cpu addr 0x000000003f1a0f23
[   26.930969] amdgpu 0000:05:00.0: fence driver on ring 11 use gpu addr 0x00000000004005e0, cpu addr 0x0000000020d70265
[   26.930985] [drm] Found UVD firmware Version: 1.130 Family ID: 16
[   26.935259] amdgpu 0000:05:00.0: fence driver on ring 12 use gpu addr 0x000000f4001e7a80, cpu addr 0x00000000606ec1fd
[   26.935299] amdgpu 0000:05:00.0: fence driver on ring 13 use gpu addr 0x00000000004006e0, cpu addr 0x000000005ba4717e
[   26.935332] amdgpu 0000:05:00.0: fence driver on ring 14 use gpu addr 0x0000000000400760, cpu addr 0x00000000c7859ff6
[   26.935345] [drm] Found VCE firmware Version: 53.26 Binary ID: 3
[   26.935636] amdgpu 0000:05:00.0: fence driver on ring 15 use gpu addr 0x00000000004007e0, cpu addr 0x000000001e37f1a7
[   26.935674] amdgpu 0000:05:00.0: fence driver on ring 16 use gpu addr 0x0000000000400860, cpu addr 0x00000000e4fcc2aa
[   26.935706] amdgpu 0000:05:00.0: fence driver on ring 17 use gpu addr 0x00000000004008e0, cpu addr 0x000000001a9d99f8
[   26.992094] [drm] ring test on 0 succeeded in 17 usecs
[   26.992882] [drm] ring test on 9 succeeded in 9 usecs
[   26.992915] [drm] ring test on 1 succeeded in 13 usecs
[   26.992927] [drm] ring test on 2 succeeded in 3 usecs
[   26.992942] [drm] ring test on 3 succeeded in 3 usecs
[   26.992962] [drm] ring test on 4 succeeded in 4 usecs
[   26.992997] [drm] ring test on 5 succeeded in 9 usecs
[   26.993012] [drm] ring test on 6 succeeded in 4 usecs
[   26.993029] [drm] ring test on 7 succeeded in 3 usecs
[   26.993053] [drm] ring test on 8 succeeded in 5 usecs
[   26.993124] [drm] ring test on 10 succeeded in 6 usecs
[   26.993131] [drm] ring test on 11 succeeded in 6 usecs
[   27.020014] [drm] ring test on 12 succeeded in 1 usecs
[   27.022043] [drm] ring test on 13 succeeded in 881 usecs
[   27.022056] [drm] ring test on 14 succeeded in 4 usecs
[   27.022056] [drm] UVD and UVD ENC initialized successfully.
[   27.122005] [drm] ring test on 15 succeeded in 6 usecs
[   27.122016] [drm] ring test on 16 succeeded in 3 usecs
[   27.122026] [drm] ring test on 17 succeeded in 3 usecs
[   27.122027] [drm] VCE initialized successfully.
[   27.122334] [drm] ib test on ring 0 succeeded
[   27.122506] [drm] ib test on ring 1 succeeded
[   27.122551] [drm] ib test on ring 2 succeeded
[   27.122595] [drm] ib test on ring 3 succeeded
[   27.122638] [drm] ib test on ring 4 succeeded
[   27.122675] [drm] ib test on ring 5 succeeded
[   27.122721] [drm] ib test on ring 6 succeeded
[   27.122764] [drm] ib test on ring 7 succeeded
[   27.122802] [drm] ib test on ring 8 succeeded
[   27.644022] [drm] ib test on ring 9 succeeded
[   27.644060] [drm] ib test on ring 10 succeeded
[   27.644086] [drm] ib test on ring 11 succeeded
[   27.645663] [drm] ib test on ring 12 succeeded
[   27.648216] [drm] ib test on ring 13 succeeded
[   27.650659] [drm] ib test on ring 14 succeeded
[   27.650898] [drm] ib test on ring 15 succeeded
[   27.810969] [drm] Cannot find any crtc or sizes
[   27.848292] amdgpu 0000:05:00.0: kfd not supported on this ASIC
[   27.848302] [drm] Initialized amdgpu 3.23.0 20150101 for 0000:05:00.0 on minor 2
[   27.848402] amdgpu 0000:09:00.0: enabling device (0000 -> 0003)
[   27.848708] [drm] initializing kernel modesetting (POLARIS10 0x1002:0x67DF 0x1DA2:0xE353 0xEF).
[   27.848724] [drm] register mmio base: 0xFBB00000
[   27.848724] [drm] register mmio size: 262144
[   27.848739] [drm] probing gen 2 caps for device 8086:1d10 = 1113812/0
[   27.848741] [drm] probing mlw for device 8086:1d10 = 1113812
[   27.848753] [drm] UVD is enabled in VM mode
[   27.848753] [drm] UVD ENC is enabled in VM mode
[   27.848757] [drm] VCE enabled in VM mode
[   28.083179] ATOM BIOS: 113-5E353FU-O4C
[   28.083199] [drm] GPU posting now...
[   28.139923] [drm] Cannot find any crtc or sizes
[   28.209647] [drm] Cannot find any crtc or sizes
[   28.217917] [drm] vm size is 64 GB, block size is 13-bit, fragment size is 9-bit
[   28.217939] amdgpu 0000:09:00.0: VRAM: 4096M 0x000000F400000000 - 0x000000F4FFFFFFFF (4096M used)
[   28.217941] amdgpu 0000:09:00.0: GTT: 256M 0x0000000000000000 - 0x000000000FFFFFFF
[   28.217951] [drm] Detected VRAM RAM=4096M, BAR=256M
[   28.217952] [drm] RAM width 256bits GDDR5
[   28.217982] [drm] amdgpu: 4096M of VRAM memory ready
[   28.217983] [drm] amdgpu: 4096M of GTT memory ready.
[   28.217994] [drm] GART: num cpu pages 65536, num gpu pages 65536
[   28.218088] [drm] PCIE GART of 256M enabled (table at 0x000000F400040000).
[   28.218180] amdgpu 0000:09:00.0: amdgpu: using MSI.
[   28.218182] [drm] Supports vblank timestamp caching Rev 2 (21.10.2013).
[   28.218183] [drm] Driver supports precise vblank timestamp query.
[   28.218212] [drm] amdgpu: irq initialized.
[   28.218243] amdgpu: [powerplay] amdgpu: powerplay sw initialized
[   28.218591] [drm] AMDGPU Display Connectors
[   28.218592] [drm] Connector 0:
[   28.218593] [drm]   DP-7
[   28.218593] [drm]   HPD6
[   28.218595] [drm]   DDC: 0x4868 0x4868 0x4869 0x4869 0x486a 0x486a 0x486b 0x486b
[   28.218595] [drm]   Encoders:
[   28.218596] [drm]     DFP1: INTERNAL_UNIPHY2
[   28.218597] [drm] Connector 1:
[   28.218597] [drm]   DP-8
[   28.218598] [drm]   HPD4
[   28.218599] [drm]   DDC: 0x4870 0x4870 0x4871 0x4871 0x4872 0x4872 0x4873 0x4873
[   28.218600] [drm]   Encoders:
[   28.218600] [drm]     DFP2: INTERNAL_UNIPHY2
[   28.218601] [drm] Connector 2:
[   28.218601] [drm]   HDMI-A-7
[   28.218602] [drm]   HPD1
[   28.218603] [drm]   DDC: 0x486c 0x486c 0x486d 0x486d 0x486e 0x486e 0x486f 0x486f
[   28.218603] [drm]   Encoders:
[   28.218604] [drm]     DFP3: INTERNAL_UNIPHY1
[   28.218605] [drm] Connector 3:
[   28.218605] [drm]   HDMI-A-8
[   28.218606] [drm]   HPD5
[   28.218607] [drm]   DDC: 0x4874 0x4874 0x4875 0x4875 0x4876 0x4876 0x4877 0x4877
[   28.218607] [drm]   Encoders:
[   28.218608] [drm]     DFP4: INTERNAL_UNIPHY1
[   28.218608] [drm] Connector 4:
[   28.218609] [drm]   DVI-D-4
[   28.218609] [drm]   HPD3
[   28.218611] [drm]   DDC: 0x487c 0x487c 0x487d 0x487d 0x487e 0x487e 0x487f 0x487f
[   28.218611] [drm]   Encoders:
[   28.218612] [drm]     DFP5: INTERNAL_UNIPHY
[   28.218621] [drm] Chained IB support enabled!
[   28.218722] amdgpu 0000:09:00.0: fence driver on ring 0 use gpu addr 0x0000000000400040, cpu addr 0x000000006662959a
[   28.218789] amdgpu 0000:09:00.0: fence driver on ring 1 use gpu addr 0x00000000004000c0, cpu addr 0x0000000030f7f23e
[   28.218846] amdgpu 0000:09:00.0: fence driver on ring 2 use gpu addr 0x0000000000400140, cpu addr 0x0000000007ce88f3
[   28.218904] amdgpu 0000:09:00.0: fence driver on ring 3 use gpu addr 0x00000000004001c0, cpu addr 0x000000007f1d30f1
[   28.218960] amdgpu 0000:09:00.0: fence driver on ring 4 use gpu addr 0x0000000000400240, cpu addr 0x000000002680bd16
[   28.219030] amdgpu 0000:09:00.0: fence driver on ring 5 use gpu addr 0x00000000004002c0, cpu addr 0x00000000b84b214b
[   28.219084] amdgpu 0000:09:00.0: fence driver on ring 6 use gpu addr 0x0000000000400340, cpu addr 0x0000000046e9b7a2
[   28.219138] amdgpu 0000:09:00.0: fence driver on ring 7 use gpu addr 0x00000000004003c0, cpu addr 0x0000000045e74f20
[   28.219191] amdgpu 0000:09:00.0: fence driver on ring 8 use gpu addr 0x0000000000400440, cpu addr 0x000000004d2136df
[   28.219220] amdgpu 0000:09:00.0: fence driver on ring 9 use gpu addr 0x00000000004004e0, cpu addr 0x000000006bc211fc
[   28.219859] amdgpu 0000:09:00.0: fence driver on ring 10 use gpu addr 0x0000000000400560, cpu addr 0x00000000bbbd2918
[   28.219916] amdgpu 0000:09:00.0: fence driver on ring 11 use gpu addr 0x00000000004005e0, cpu addr 0x000000002577b4dd
[   28.219938] [drm] Found UVD firmware Version: 1.130 Family ID: 16
[   28.228108] amdgpu 0000:09:00.0: fence driver on ring 12 use gpu addr 0x000000f4001e7a80, cpu addr 0x000000000f8f59b7
[   28.228177] amdgpu 0000:09:00.0: fence driver on ring 13 use gpu addr 0x00000000004006e0, cpu addr 0x0000000073796dbf
[   28.228244] amdgpu 0000:09:00.0: fence driver on ring 14 use gpu addr 0x0000000000400760, cpu addr 0x000000009b2a4406
[   28.228260] [drm] Found VCE firmware Version: 53.26 Binary ID: 3
[   28.228783] amdgpu 0000:09:00.0: fence driver on ring 15 use gpu addr 0x00000000004007e0, cpu addr 0x00000000c232a557
[   28.228823] amdgpu 0000:09:00.0: fence driver on ring 16 use gpu addr 0x0000000000400860, cpu addr 0x000000007e5097ab
[   28.228860] amdgpu 0000:09:00.0: fence driver on ring 17 use gpu addr 0x00000000004008e0, cpu addr 0x000000009237efba
[   28.287433] [drm] ring test on 0 succeeded in 13 usecs
[   28.288732] [drm] ring test on 9 succeeded in 6 usecs
[   28.288781] [drm] ring test on 1 succeeded in 13 usecs
[   28.288795] [drm] ring test on 2 succeeded in 2 usecs
[   28.288815] [drm] ring test on 3 succeeded in 3 usecs
[   28.288837] [drm] ring test on 4 succeeded in 4 usecs
[   28.288864] [drm] ring test on 5 succeeded in 5 usecs
[   28.288882] [drm] ring test on 6 succeeded in 3 usecs
[   28.288902] [drm] ring test on 7 succeeded in 3 usecs
[   28.288923] [drm] ring test on 8 succeeded in 3 usecs
[   28.289020] [drm] ring test on 10 succeeded in 9 usecs
[   28.289029] [drm] ring test on 11 succeeded in 8 usecs
[   28.315137] [drm] ring test on 12 succeeded in 1 usecs
[   28.315180] [drm] ring test on 13 succeeded in 12 usecs
[   28.315194] [drm] ring test on 14 succeeded in 3 usecs
[   28.315194] [drm] UVD and UVD ENC initialized successfully.
[   28.415128] [drm] ring test on 15 succeeded in 5 usecs
[   28.415142] [drm] ring test on 16 succeeded in 3 usecs
[   28.415157] [drm] ring test on 17 succeeded in 3 usecs
[   28.415158] [drm] VCE initialized successfully.
[   28.415452] [drm] ib test on ring 0 succeeded
[   28.415665] [drm] ib test on ring 1 succeeded
[   28.415712] [drm] ib test on ring 2 succeeded
[   28.415761] [drm] ib test on ring 3 succeeded
[   28.415811] [drm] ib test on ring 4 succeeded
[   28.415851] [drm] ib test on ring 5 succeeded
[   28.415901] [drm] ib test on ring 6 succeeded
[   28.415949] [drm] ib test on ring 7 succeeded
[   28.416070] [drm] ib test on ring 8 succeeded
[   28.924088] [drm] ib test on ring 9 succeeded
[   28.924167] [drm] ib test on ring 10 succeeded
[   28.924294] [drm] ib test on ring 11 succeeded
[   28.925779] [drm] ib test on ring 12 succeeded
[   28.929201] [drm] ib test on ring 13 succeeded
[   28.932594] [drm] ib test on ring 14 succeeded
[   28.932927] [drm] ib test on ring 15 succeeded
[   29.091740] [drm] Cannot find any crtc or sizes
[   29.128539] amdgpu 0000:09:00.0: kfd not supported on this ASIC
[   29.128551] [drm] Initialized amdgpu 3.23.0 20150101 for 0000:09:00.0 on minor 3
[   29.128641] amdgpu 0000:0c:00.0: enabling device (0000 -> 0003)
[   29.129098] [drm] initializing kernel modesetting (POLARIS10 0x1002:0x67DF 0x1DA2:0xE366 0xEF).
[   29.129108] [drm] register mmio base: 0xFB900000
[   29.129109] [drm] register mmio size: 262144
[   29.129138] [drm] probing gen 2 caps for device 8086:1d16 = 4113812/0
[   29.129140] [drm] probing mlw for device 8086:1d16 = 4113812
[   29.129151] [drm] UVD is enabled in VM mode
[   29.129152] [drm] UVD ENC is enabled in VM mode
[   29.129155] [drm] VCE enabled in VM mode
[   29.362500] ATOM BIOS: 113-2E366FU-O53
[   29.362523] [drm] GPU posting now...
[   29.429224] [drm] Cannot find any crtc or sizes
[   29.493620] [drm] vm size is 64 GB, block size is 13-bit, fragment size is 9-bit
[   29.493640] amdgpu 0000:0c:00.0: VRAM: 4096M 0x000000F400000000 - 0x000000F4FFFFFFFF (4096M used)
[   29.493642] amdgpu 0000:0c:00.0: GTT: 256M 0x0000000000000000 - 0x000000000FFFFFFF
[   29.493652] [drm] Detected VRAM RAM=4096M, BAR=256M
[   29.493653] [drm] RAM width 256bits GDDR5
[   29.493682] [drm] amdgpu: 4096M of VRAM memory ready
[   29.493683] [drm] amdgpu: 4096M of GTT memory ready.
[   29.493693] [drm] GART: num cpu pages 65536, num gpu pages 65536
[   29.493778] [drm] PCIE GART of 256M enabled (table at 0x000000F400040000).
[   29.493861] amdgpu 0000:0c:00.0: amdgpu: using MSI.
[   29.493862] [drm] Supports vblank timestamp caching Rev 2 (21.10.2013).
[   29.493863] [drm] Driver supports precise vblank timestamp query.
[   29.493892] [drm] amdgpu: irq initialized.
[   29.493924] amdgpu: [powerplay] amdgpu: powerplay sw initialized
[   29.494205] [drm] AMDGPU Display Connectors
[   29.494206] [drm] Connector 0:
[   29.494206] [drm]   DP-9
[   29.494207] [drm]   HPD6
